Component: ARM Compiler 5.06 update 6 (build 750) Tool: armlink [4d35ed]

==============================================================================

Section Cross References

    retarget.o(i._ttywrch) refers to retarget.o(i.sendchar) for sendchar
    retarget.o(i.fgetc) refers to retarget.o(i.getkey) for getkey
    retarget.o(i.fgetc) refers to retarget.o(i.sendchar) for sendchar
    retarget.o(i.fputc) refers to retarget.o(i.sendchar) for sendchar
    retarget.o(i.getkey) refers to uart.o(i.UARTInit) for UARTInit
    retarget.o(i.getkey) refers to uart.o(i.UARTReceiveChar) for UARTReceiveChar
    retarget.o(i.getkey) refers to retarget.o(.data) for uart_init_called
    retarget.o(i.sendchar) refers to uart.o(i.UARTInit) for UARTInit
    retarget.o(i.sendchar) refers to uart.o(i.UARTSendChar) for UARTSendChar
    retarget.o(i.sendchar) refers to retarget.o(.data) for uart_init_called
    uart.o(i.FreeRcv) refers to uart.o(i.Free) for Free
    uart.o(i.FreeRcv) refers to uart.o(.data) for RcvLock0
    uart.o(i.FreeSnd) refers to uart.o(i.Free) for Free
    uart.o(i.FreeSnd) refers to uart.o(.data) for SndLock0
    uart.o(i.LockRcv) refers to uart.o(i.Lock) for Lock
    uart.o(i.LockRcv) refers to uart.o(.data) for RcvLock0
    uart.o(i.LockSnd) refers to uart.o(i.Lock) for Lock
    uart.o(i.LockSnd) refers to uart.o(.data) for SndLock0
    uart.o(i.UART0_IRQHandler) refers to uart.o(.bss) for UART0Buffer
    uart.o(i.UART0_IRQHandler) refers to uart.o(.data) for UART0Count
    uart.o(i.UART1_IRQHandler) refers to uart.o(.bss) for UART1Buffer
    uart.o(i.UART1_IRQHandler) refers to uart.o(.data) for UART1Count
    uart.o(i.UARTInit) refers to uart.o(i.getFrequency) for getFrequency
    uart.o(i.UARTInit) refers to uart.o(i.__NVIC_EnableIRQ) for __NVIC_EnableIRQ
    uart.o(i.UARTInit) refers to uart.o(i.FreeRcv) for FreeRcv
    uart.o(i.UARTInit) refers to uart.o(i.FreeSnd) for FreeSnd
    uart.o(i.UARTRecieve) refers to uart.o(i.LockRcv) for LockRcv
    uart.o(i.UARTRecieve) refers to uart.o(i.FreeRcv) for FreeRcv
    uart.o(i.UARTRecieve) refers to uart.o(.data) for UART0Count
    uart.o(i.UARTRecieve) refers to uart.o(.bss) for UART0Buffer
    uart.o(i.UARTSend) refers to uart.o(i.LockSnd) for LockSnd
    uart.o(i.UARTSend) refers to uart.o(i.FreeSnd) for FreeSnd
    uart.o(i.UARTSend) refers to uart.o(.data) for UART0TxEmpty
    uart.o(i.getFrequency) refers to system_lpc17xx.o(.data) for SystemCoreClock
    final.o(i.main) refers to system_lpc17xx.o(i.SystemCoreClockUpdate) for SystemCoreClockUpdate
    final.o(i.main) refers to rtx_kernel.o(.text.osKernelInitialize) for osKernelInitialize
    final.o(i.main) refers to rtx_thread.o(.text.osThreadNew) for osThreadNew
    final.o(i.main) refers to rtx_kernel.o(.text.osKernelStart) for osKernelStart
    final.o(i.main) refers to final.o(i.testCases) for testCases
    final.o(i.startGenerals) refers to rtx_thread.o(.text.osThreadNew) for osThreadNew
    final.o(i.startGenerals) refers to printf3.o(i.__0printf$3) for __2printf
    final.o(i.startGenerals) refers to final.o(.data) for nGeneral
    final.o(i.startGenerals) refers to general.o(i.general) for general
    final.o(i.startGenerals) refers to final.o(.bss) for generals
    final.o(i.stopGenerals) refers to rtx_thread.o(.text.osThreadTerminate) for osThreadTerminate
    final.o(i.stopGenerals) refers to final.o(.bss) for generals
    final.o(i.stopGenerals) refers to final.o(.data) for nGeneral
    final.o(i.testCases) refers to printf3.o(i.__0printf$3) for __2printf
    final.o(i.testCases) refers to general.o(i.setup) for setup
    final.o(i.testCases) refers to final.o(i.startGenerals) for startGenerals
    final.o(i.testCases) refers to general.o(i.broadcast) for broadcast
    final.o(i.testCases) refers to general.o(i.cleanup) for cleanup
    final.o(i.testCases) refers to final.o(i.stopGenerals) for stopGenerals
    final.o(i.testCases) refers to final.o(.data) for tests
    general.o(i.OM) refers to strstr.o(.text) for strstr
    general.o(i.OM) refers to printf3.o(i.__0sprintf$3) for __2sprintf
    general.o(i.OM) refers to rtx_msgqueue.o(.text.osMessageQueuePut) for osMessageQueuePut
    general.o(i.OM) refers to general.o(i.reusableBarrier) for reusableBarrier
    general.o(i.OM) refers to rtx_msgqueue.o(.text.osMessageQueueGet) for osMessageQueueGet
    general.o(i.OM) refers to printf3.o(i.__0printf$3) for __2printf
    general.o(i.OM) refers to general.o(.data) for loyalty
    general.o(i.OM) refers to general.o(.bss) for general_queues
    general.o(i.broadcast) refers to printf3.o(i.__0sprintf$3) for __2sprintf
    general.o(i.broadcast) refers to rtx_msgqueue.o(.text.osMessageQueuePut) for osMessageQueuePut
    general.o(i.broadcast) refers to rtx_semaphore.o(.text.osSemaphoreAcquire) for osSemaphoreAcquire
    general.o(i.broadcast) refers to general.o(.data) for loyalty
[...]
    Removing os_systick.o(.ARM.exidx.text.OS_Tick_Disable), (8 bytes).
    Removing os_systick.o(.ARM.exidx.text.OS_Tick_AcknowledgeIRQ), (8 bytes).
    Removing os_systick.o(.ARM.exidx.text.OS_Tick_GetIRQn), (8 bytes).
    Removing os_systick.o(.text.OS_Tick_GetClock), (12 bytes).
    Removing os_systick.o(.ARM.exidx.text.OS_Tick_GetClock), (8 bytes).
    Removing os_systick.o(.text.OS_Tick_GetInterval), (12 bytes).
    Removing os_systick.o(.ARM.exidx.text.OS_Tick_GetInterval), (8 bytes).
    Removing os_systick.o(.text.OS_Tick_GetCount), (16 bytes).
    Removing os_systick.o(.ARM.exidx.text.OS_Tick_GetCount), (8 bytes).
    Removing os_systick.o(.text.OS_Tick_GetOverflow), (16 bytes).
    Removing os_systick.o(.ARM.exidx.text.OS_Tick_GetOverflow), (8 bytes).
    Removing dadd.o(.text), (334 bytes).
    Removing dmul.o(.text), (228 bytes).
    Removing ddiv.o(.text), (222 bytes).
    Removing dfixul.o(.text), (48 bytes).
    Removing cdrcmple.o(.text), (48 bytes).
    Removing depilogue.o(.text), (186 bytes).

370 unused section(s) (total 12688 bytes) removed from the image.

==============================================================================

Image Symbol Table

    Local Symbols

    Symbol Name                              Value     Ov Type        Size  Object(Section)

    RESET                                    0x00000000   Section      204  startup_lpc17xx.o(RESET)
    ../clib/../cmprslib/zerorunl2.c          0x00000000   Number         0  __dczerorl2.o ABSOLUTE
    ../clib/microlib/division.c              0x00000000   Number         0  uidiv.o ABSOLUTE
    ../clib/microlib/division.c              0x00000000   Number         0  uldiv.o ABSOLUTE
    ../clib/microlib/init/entry.s            0x00000000   Number         0  entry10a.o ABSOLUTE
    ../clib/microlib/init/entry.s            0x00000000   Number         0  entry9b.o ABSOLUTE
    ../clib/microlib/init/entry.s            0x00000000   Number         0  entry11a.o ABSOLUTE
    ../clib/microlib/init/entry.s            0x00000000   Number         0  entry.o ABSOLUTE
    ../clib/microlib/init/entry.s            0x00000000   Number         0  entry11b.o ABSOLUTE
    ../clib/microlib/init/entry.s            0x00000000   Number         0  entry9a.o ABSOLUTE
    ../clib/microlib/init/entry.s            0x00000000   Number         0  entry2.o ABSOLUTE
    ../clib/microlib/init/entry.s            0x00000000   Number         0  entry8b.o ABSOLUTE
    ../clib/microlib/init/entry.s            0x00000000   Number         0  entry8a.o ABSOLUTE
    ../clib/microlib/init/entry.s            0x00000000   Number         0  entry7b.o ABSOLUTE
    ../clib/microlib/init/entry.s            0x00000000   Number         0  entry7a.o ABSOLUTE
    ../clib/microlib/init/entry.s            0x00000000   Number         0  entry5.o ABSOLUTE
    ../clib/microlib/init/entry.s            0x00000000   Number         0  entry10b.o ABSOLUTE
    ../clib/microlib/longlong.c              0x00000000   Number         0  llshl.o ABSOLUTE
    ../clib/microlib/longlong.c              0x00000000   Number         0  llushr.o ABSOLUTE
    ../clib/microlib/longlong.c              0x00000000   Number         0  llsshr.o ABSOLUTE
    ../clib/microlib/printf/printf.c         0x00000000   Number         0  printf6.o ABSOLUTE
    ../clib/microlib/printf/printf.c         0x00000000   Number         0  printfa.o ABSOLUTE
    ../clib/microlib/printf/printf.c         0x00000000   Number         0  printf8.o ABSOLUTE
    ../clib/microlib/printf/printf.c         0x00000000   Number         0  printf7.o ABSOLUTE
    ../clib/microlib/printf/printf.c         0x00000000   Number         0  printf5.o ABSOLUTE
    ../clib/microlib/printf/printf.c         0x00000000   Number         0  printf4.o ABSOLUTE
    ../clib/microlib/printf/printf.c         0x00000000   Number         0  printf3.o ABSOLUTE
    ../clib/microlib/printf/printf.c         0x00000000   Number         0  printf2.o ABSOLUTE
    ../clib/microlib/printf/printf.c         0x00000000   Number         0  printf1.o ABSOLUTE
    ../clib/microlib/printf/printf.c         0x00000000   Number         0  printf0.o ABSOLUTE
    ../clib/microlib/printf/printf.c         0x00000000   Number         0  printfb.o ABSOLUTE
    ../clib/microlib/printf/stubs.s          0x00000000   Number         0  stubs.o ABSOLUTE
    ../clib/microlib/string/memcpy.c         0x00000000   Number         0  memcpyb.o ABSOLUTE
    ../clib/microlib/string/memcpy.c         0x00000000   Number         0  memcpya.o ABSOLUTE
    ../clib/microlib/string/memset.c         0x00000000   Number         0  memseta.o ABSOLUTE
    ../clib/microlib/string/strstr.c         0x00000000   Number         0  strstr.o ABSOLUTE
    ../clib/microlib/stubs.s                 0x00000000   Number         0  iusefp.o ABSOLUTE
    ../fplib/microlib/fpadd.c                0x00000000   Number         0  dadd.o ABSOLUTE
    ../fplib/microlib/fpdiv.c                0x00000000   Number         0  ddiv.o ABSOLUTE
    ../fplib/microlib/fpepilogue.c           0x00000000   Number         0  depilogue.o ABSOLUTE
    ../fplib/microlib/fpfix.c                0x00000000   Number         0  dfixul.o ABSOLUTE
    ../fplib/microlib/fpmul.c                0x00000000   Number         0  dmul.o ABSOLUTE
    C:\Users\ramse\AppData\Local\Arm\Packs\ARM\CMSIS\5.8.0\CMSIS\RTOS2\RTX\Source\rtx_lib.c 0x00000000   Number         0  rtx_lib.o ABSOLUTE
    C:\\Users\\ramse\\AppData\\Local\\Arm\\Packs\\ARM\\CMSIS\\5.8.0\\CMSIS\\RTOS2\\RTX\\Source\\rtx_lib.c 0x00000000   Number         0  rtx_lib.o ABSOLUTE
    FPU_USED                                 0x00000000   Number         0  irq_armv7m.o ABSOLUTE
    RTE\CMSIS\RTX_Config.c                   0x00000000   Number         0  rtx_config.o ABSOLUTE
    RTE\Device\LPC1768\startup_LPC17xx.s     0x00000000   Number         0  startup_lpc17xx.o ABSOLUTE
    RTE\Device\LPC1768\system_LPC17xx.c      0x00000000   Number         0  system_lpc17xx.o ABSOLUTE
    RTE\\CMSIS\\RTX_Config.c                 0x00000000   Number         0  rtx_config.o ABSOLUTE
    RTE\\Device\\LPC1768\\system_LPC17xx.c   0x00000000   Number         0  system_lpc17xx.o ABSOLUTE
    cdrcmple.s                               0x00000000   Number         0  cdrcmple.o ABSOLUTE
    dc.s                                     0x00000000   Number         0  dc.o ABSOLUTE
    handlers.s                               0x00000000   Number         0  handlers.o ABSOLUTE
    init.s                                   0x00000000   Number         0  init.o ABSOLUTE
    os_systick.c                             0x00000000   Number         0  os_systick.o ABSOLUTE
    rtx_kernel.c                             0x00000000   Number         0  rtx_kernel.o ABSOLUTE
    rtx_memory.c                             0x00000000   Number         0  rtx_memory.o ABSOLUTE
    rtx_mempool.c                            0x00000000   Number         0  rtx_mempool.o ABSOLUTE
    rtx_msgqueue.c                           0x00000000   Number         0  rtx_msgqueue.o ABSOLUTE
    rtx_mutex.c                              0x00000000   Number         0  rtx_mutex.o ABSOLUTE
    rtx_semaphore.c                          0x00000000   Number         0  rtx_semaphore.o ABSOLUTE
    rtx_system.c                             0x00000000   Number         0  rtx_system.o ABSOLUTE
    rtx_thread.c                             0x00000000   Number         0  rtx_thread.o ABSOLUTE
    rtx_timer.c                              0x00000000   Number         0  rtx_timer.o ABSOLUTE
    src\\final.c                             0x00000000   Number         0  final.o ABSOLUTE
    src\\util\\uart.c                        0x00000000   Number         0  uart.o ABSOLUTE
    src\final.c                              0x00000000   Number         0  final.o ABSOLUTE
    src\general.c                            0x00000000   Number         0  general.o ABSOLUTE
    src\util\Retarget.c                      0x00000000   Number         0  retarget.o ABSOLUTE
    src\util\uart.c                          0x00000000   Number         0  uart.o ABSOLUTE
    osRtxErrorStackOverflow                  0x00000001   Number         0  irq_armv7m.o ABSOLUTE
    I_T_RUN_OFS                              0x00000014   Number         0  irq_armv7m.o ABSOLUTE
    TCB_SF_OFS                               0x00000022   Number         0  irq_armv7m.o ABSOLUTE
    TCB_SP_OFS                               0x00000038   Number         0  irq_armv7m.o ABSOLUTE
    .ARM.Collect$$$$00000000                 0x000000cc   Section        0  entry.o(.ARM.Collect$$$$00000000)
    .ARM.Collect$$$$00000001                 0x000000cc   Section        4  entry2.o(.ARM.Collect$$$$00000001)
    .ARM.Collect$$$$00000004                 0x000000d0   Section        4  entry5.o(.ARM.Collect$$$$00000004)
    .ARM.Collect$$$$00000008                 0x000000d4   Section        0  entry7b.o(.ARM.Collect$$$$00000008)
    .ARM.Collect$$$$0000000A                 0x000000d4   Section        0  entry8b.o(.ARM.Collect$$$$0000000A)
    .ARM.Collect$$$$0000000B                 0x000000d4   Section        8  entry9a.o(.ARM.Collect$$$$0000000B)
    .ARM.Collect$$$$0000000D                 0x000000dc   Section        0  entry10a.o(.ARM.Collect$$$$0000000D)
    .ARM.Collect$$$$0000000F                 0x000000dc   Section        0  entry11a.o(.ARM.Collect$$$$0000000F)
    .ARM.Collect$$$$00002712                 0x000000dc   Section        4  entry2.o(.ARM.Collect$$$$00002712)
    __lit__00000000                          0x000000dc   Data           4  entry2.o(.ARM.Collect$$$$00002712)
    .text                                    0x000000e0   Section       36  startup_lpc17xx.o(.text)
    [Anonymous Symbol]                       0x00000104   Section        0  irq_armv7m.o(.text)
    SVC_Context                              0x0000012c   Number         0  irq_armv7m.o(.text)
    SVC_ContextSave                          0x0000013c   Number         0  irq_armv7m.o(.text)
    SVC_ContextRestore                       0x00000144   Number         0  irq_armv7m.o(.text)
    SVC_Exit                                 0x00000152   Number         0  irq_armv7m.o(.text)
    SVC_User                                 0x00000154   Number         0  irq_armv7m.o(.text)
    .text                                    0x00000198   Section        0  uldiv.o(.text)
    .text                                    0x000001fa   Section        0  memcpya.o(.text)
    .text                                    0x0000021e   Section        0  memseta.o(.text)
    .text                                    0x00000242   Section        0  strstr.o(.text)
    .text                                    0x00000266   Section        0  uidiv.o(.text)
    .text                                    0x00000292   Section        0  llshl.o(.text)
    .text                                    0x000002b0   Section        0  llushr.o(.text)
    .text                                    0x000002d0   Section       36  init.o(.text)
    [Anonymous Symbol]                       0x000002f4   Section        0  os_systick.o(.text.OS_Tick_GetIRQn)
    [Anonymous Symbol]                       0x000002fa   Section        0  rtx_kernel.o(.text.osRtxKernelPreInit)
    .ARM.__at_0x02FC                         0x000002fc   Section        4  startup_lpc17xx.o(.ARM.__at_0x02FC)
    .text                                    0x00000300   Section        0  __dczerorl2.o(.text)
    [Anonymous Symbol]                       0x00000356   Section        0  rtx_msgqueue.o(.text.MessageQueueGet)
    MessageQueueGet                          0x00000357   Thumb Code    64  rtx_msgqueue.o(.text.MessageQueueGet)
    [Anonymous Symbol]                       0x00000396   Section        0  rtx_msgqueue.o(.text.MessageQueuePut)
    MessageQueuePut                          0x00000397   Thumb Code    88  rtx_msgqueue.o(.text.MessageQueuePut)
    [Anonymous Symbol]                       0x000003ee   Section        0  rtx_msgqueue.o(.text.MessageQueueRemove)
    MessageQueueRemove                       0x000003ef   Thumb Code    28  rtx_msgqueue.o(.text.MessageQueueRemove)
    [Anonymous Symbol]                       0x0000040c   Section        0  os_systick.o(.text.OS_Tick_AcknowledgeIRQ)
    __arm_cp.3_0                             0x00000414   Number         4  os_systick.o(.text.OS_Tick_AcknowledgeIRQ)
    [Anonymous Symbol]                       0x00000418   Section        0  os_systick.o(.text.OS_Tick_Enable)
    __arm_cp.1_0                             0x00000438   Number         4  os_systick.o(.text.OS_Tick_Enable)
    __arm_cp.1_1                             0x0000043c   Number         4  os_systick.o(.text.OS_Tick_Enable)
    __arm_cp.1_2                             0x00000440   Number         4  os_systick.o(.text.OS_Tick_Enable)
    [Anonymous Symbol]                       0x00000444   Section        0  os_systick.o(.text.OS_Tick_Setup)
    __arm_cp.0_0                             0x00000474   Number         4  os_systick.o(.text.OS_Tick_Setup)
    __arm_cp.0_1                             0x00000478   Number         4  os_systick.o(.text.OS_Tick_Setup)
    __arm_cp.0_2                             0x0000047c   Number         4  os_systick.o(.text.OS_Tick_Setup)
    __arm_cp.0_3                             0x00000480   Number         4  os_systick.o(.text.OS_Tick_Setup)
    [Anonymous Symbol]                       0x00000484   Section        0  rtx_kernel.o(.text.OUTLINED_FUNCTION_0)
    OUTLINED_FUNCTION_0                      0x00000485   Thumb Code    12  rtx_kernel.o(.text.OUTLINED_FUNCTION_0)
    [Anonymous Symbol]                       0x00000490   Section        0  rtx_thread.o(.text.OUTLINED_FUNCTION_0)
    OUTLINED_FUNCTION_0                      0x00000491   Thumb Code     6  rtx_thread.o(.text.OUTLINED_FUNCTION_0)
    [Anonymous Symbol]                       0x00000496   Section        0  rtx_msgqueue.o(.text.OUTLINED_FUNCTION_0)
    OUTLINED_FUNCTION_0                      0x00000497   Thumb Code    12  rtx_msgqueue.o(.text.OUTLINED_FUNCTION_0)
    [Anonymous Symbol]                       0x000004a2   Section        0  rtx_kernel.o(.text.OUTLINED_FUNCTION_1)
    OUTLINED_FUNCTION_1                      0x000004a3   Thumb Code     6  rtx_kernel.o(.text.OUTLINED_FUNCTION_1)
    [Anonymous Symbol]                       0x000004a8   Section        0  rtx_thread.o(.text.OUTLINED_FUNCTION_1)
    OUTLINED_FUNCTION_1                      0x000004a9   Thumb Code     6  rtx_thread.o(.text.OUTLINED_FUNCTION_1)
    [Anonymous Symbol]                       0x000004ae   Section        0  rtx_thread.o(.text.OUTLINED_FUNCTION_2)
    OUTLINED_FUNCTION_2                      0x000004af   Thumb Code    20  rtx_thread.o(.text.OUTLINED_FUNCTION_2)
    [Anonymous Symbol]                       0x000004c2   Section        0  rtx_thread.o(.text.OUTLINED_FUNCTION_4)
    OUTLINED_FUNCTION_4                      0x000004c3   Thumb Code     8  rtx_thread.o(.text.OUTLINED_FUNCTION_4)
    [Anonymous Symbol]                       0x000004ca   Section        0  rtx_semaphore.o(.text.SemaphoreTokenIncrement)
    SemaphoreTokenIncrement                  0x000004cb   Thumb Code    46  rtx_semaphore.o(.text.SemaphoreTokenIncrement)
    [Anonymous Symbol]                       0x000004f8   Section        0  rtx_thread.o(.text.ThreadFlagsCheck)
    ThreadFlagsCheck                         0x000004f9   Thumb Code   100  rtx_thread.o(.text.ThreadFlagsCheck)
    [Anonymous Symbol]                       0x0000055c   Section        0  rtx_timer.o(.text.TimerInsert)
    TimerInsert                              0x0000055d   Thumb Code    68  rtx_timer.o(.text.TimerInsert)
    __arm_cp.9_0                             0x000005a0   Number         4  rtx_timer.o(.text.TimerInsert)
    [Anonymous Symbol]                       0x000005a4   Section        0  rtx_kernel.o(.text.osKernelInitialize)
    __arm_cp.2_0                             0x000005cc   Number         4  rtx_kernel.o(.text.osKernelInitialize)
    [Anonymous Symbol]                       0x000005d0   Section        0  rtx_kernel.o(.text.osKernelStart)
    __arm_cp.7_0                             0x000005f0   Number         4  rtx_kernel.o(.text.osKernelStart)
    [Anonymous Symbol]                       0x000005f4   Section        0  rtx_msgqueue.o(.text.osMessageQueueDelete)
    __arm_cp.15_0                            0x00000614   Number         4  rtx_msgqueue.o(.text.osMessageQueueDelete)
    [Anonymous Symbol]                       0x00000618   Section        0  rtx_msgqueue.o(.text.osMessageQueueGet)
    __arm_cp.5_0                             0x00000684   Number         4  rtx_msgqueue.o(.text.osMessageQueueGet)
    [Anonymous Symbol]                       0x00000688   Section        0  rtx_msgqueue.o(.text.osMessageQueueNew)
    __arm_cp.2_0                             0x000006a8   Number         4  rtx_msgqueue.o(.text.osMessageQueueNew)
    [Anonymous Symbol]                       0x000006ac   Section        0  rtx_msgqueue.o(.text.osMessageQueuePut)
    __arm_cp.4_0                             0x00000728   Number         4  rtx_msgqueue.o(.text.osMessageQueuePut)
    [Anonymous Symbol]                       0x0000072c   Section        0  rtx_mutex.o(.text.osMutexAcquire)
    __arm_cp.4_0                             0x0000074c   Number         4  rtx_mutex.o(.text.osMutexAcquire)
    [Anonymous Symbol]                       0x00000750   Section        0  rtx_mutex.o(.text.osMutexDelete)
    __arm_cp.7_0                             0x00000770   Number         4  rtx_mutex.o(.text.osMutexDelete)
    [Anonymous Symbol]                       0x00000774   Section        0  rtx_mutex.o(.text.osMutexNew)
    __arm_cp.2_0                             0x00000794   Number         4  rtx_mutex.o(.text.osMutexNew)
    [Anonymous Symbol]                       0x00000798   Section        0  rtx_mutex.o(.text.osMutexRelease)
    __arm_cp.5_0                             0x000007b8   Number         4  rtx_mutex.o(.text.osMutexRelease)
    [Anonymous Symbol]                       0x000007bc   Section        0  rtx_kernel.o(.text.osRtxKernelErrorNotify)
    [Anonymous Symbol]                       0x000007c0   Section        0  rtx_memory.o(.text.osRtxMemoryAlloc)
    [Anonymous Symbol]                       0x0000082c   Section        0  rtx_memory.o(.text.osRtxMemoryFree)
    [Anonymous Symbol]                       0x0000086e   Section        0  rtx_memory.o(.text.osRtxMemoryInit)
    [Anonymous Symbol]                       0x000008a4   Section        0  rtx_mempool.o(.text.osRtxMemoryPoolAlloc)
    [Anonymous Symbol]                       0x000008de   Section        0  rtx_mempool.o(.text.osRtxMemoryPoolFree)
    [Anonymous Symbol]                       0x00000928   Section        0  rtx_mempool.o(.text.osRtxMemoryPoolInit)
    [Anonymous Symbol]                       0x00000960   Section        0  rtx_msgqueue.o(.text.osRtxMessageQueuePostProcess)
    osRtxMessageQueuePostProcess             0x00000961   Thumb Code   170  rtx_msgqueue.o(.text.osRtxMessageQueuePostProcess)
    [Anonymous Symbol]                       0x00000a0c   Section        0  rtx_msgqueue.o(.text.osRtxMessageQueueTimerSetup)
    __arm_cp.0_0                             0x00000a2c   Number         4  rtx_msgqueue.o(.text.osRtxMessageQueueTimerSetup)
    __arm_cp.0_1                             0x00000a30   Number         4  rtx_msgqueue.o(.text.osRtxMessageQueueTimerSetup)
    [Anonymous Symbol]                       0x00000a34   Section        0  rtx_mutex.o(.text.osRtxMutexOwnerRelease)
    [Anonymous Symbol]                       0x00000a7c   Section        0  rtx_mutex.o(.text.osRtxMutexOwnerRestore)
    [Anonymous Symbol]                       0x00000ac0   Section        0  rtx_system.o(.text.osRtxPendSV_Handler)
    __arm_cp.1_0                             0x00000b48   Number         4  rtx_system.o(.text.osRtxPendSV_Handler)
    [Anonymous Symbol]                       0x00000b4c   Section        0  rtx_system.o(.text.osRtxPostProcess)
    __arm_cp.2_0                             0x00000bb8   Number         4  rtx_system.o(.text.osRtxPostProcess)
    __arm_cp.2_1                             0x00000bbc   Number         4  rtx_system.o(.text.osRtxPostProcess)
    [Anonymous Symbol]                       0x00000bc0   Section        0  rtx_semaphore.o(.text.osRtxSemaphorePostProcess)
    osRtxSemaphorePostProcess                0x00000bc1   Thumb Code    54  rtx_semaphore.o(.text.osRtxSemaphorePostProcess)
    [Anonymous Symbol]                       0x00000bf8   Section        0  rtx_thread.o(.text.osRtxThreadBlock)
    osRtxThreadBlock                         0x00000bf9   Thumb Code    52  rtx_thread.o(.text.osRtxThreadBlock)
    __arm_cp.10_0                            0x00000c2c   Number         4  rtx_thread.o(.text.osRtxThreadBlock)
    [Anonymous Symbol]                       0x00000c30   Section        0  rtx_thread.o(.text.osRtxThreadDelayInsert)
    osRtxThreadDelayInsert                   0x00000c31   Thumb Code   124  rtx_thread.o(.text.osRtxThreadDelayInsert)
    __arm_cp.14_0                            0x00000cac   Number         4  rtx_thread.o(.text.osRtxThreadDelayInsert)
    [Anonymous Symbol]                       0x00000cb0   Section        0  rtx_thread.o(.text.osRtxThreadDelayRemove)
    osRtxThreadDelayRemove                   0x00000cb1   Thumb Code    60  rtx_thread.o(.text.osRtxThreadDelayRemove)
    __arm_cp.12_0                            0x00000cec   Number         4  rtx_thread.o(.text.osRtxThreadDelayRemove)
    [Anonymous Symbol]                       0x00000cf0   Section        0  rtx_thread.o(.text.osRtxThreadDelayTick)
    __arm_cp.5_0                             0x00000d38   Number         4  rtx_thread.o(.text.osRtxThreadDelayTick)
    [Anonymous Symbol]                       0x00000d3c   Section        0  rtx_thread.o(.text.osRtxThreadDestroy)
    osRtxThreadDestroy                       0x00000d3d   Thumb Code    32  rtx_thread.o(.text.osRtxThreadDestroy)
    __arm_cp.56_0                            0x00000d5c   Number         4  rtx_thread.o(.text.osRtxThreadDestroy)
    [Anonymous Symbol]                       0x00000d60   Section        0  rtx_thread.o(.text.osRtxThreadDispatch)
    __arm_cp.9_0                             0x00000db0   Number         4  rtx_thread.o(.text.osRtxThreadDispatch)
    [Anonymous Symbol]                       0x00000db4   Section        0  rtx_thread.o(.text.osRtxThreadFree)
    osRtxThreadFree                          0x00000db5   Thumb Code    84  rtx_thread.o(.text.osRtxThreadFree)
    __arm_cp.52_0                            0x00000e08   Number         4  rtx_thread.o(.text.osRtxThreadFree)
    [Anonymous Symbol]                       0x00000e0c   Section        0  rtx_thread.o(.text.osRtxThreadJoinWakeup)
    osRtxThreadJoinWakeup                    0x00000e0d   Thumb Code    30  rtx_thread.o(.text.osRtxThreadJoinWakeup)
    [Anonymous Symbol]                       0x00000e2a   Section        0  rtx_thread.o(.text.osRtxThreadListGet)
    [Anonymous Symbol]                       0x00000e3c   Section        0  rtx_thread.o(.text.osRtxThreadListPut)
    [Anonymous Symbol]                       0x00000e68   Section        0  rtx_thread.o(.text.osRtxThreadListRemove)
    [Anonymous Symbol]                       0x00000e7c   Section        0  rtx_thread.o(.text.osRtxThreadListRoot)
    osRtxThreadListRoot                      0x00000e7d   Thumb Code    12  rtx_thread.o(.text.osRtxThreadListRoot)
    [Anonymous Symbol]                       0x00000e88   Section        0  rtx_thread.o(.text.osRtxThreadListSort)
    [Anonymous Symbol]                       0x00000eae   Section        0  rtx_thread.o(.text.osRtxThreadPostProcess)
    osRtxThreadPostProcess                   0x00000eaf   Thumb Code    40  rtx_thread.o(.text.osRtxThreadPostProcess)
    [Anonymous Symbol]                       0x00000ed8   Section        0  rtx_thread.o(.text.osRtxThreadReadyPut)
    __arm_cp.4_0                             0x00000ee8   Number         4  rtx_thread.o(.text.osRtxThreadReadyPut)
    [Anonymous Symbol]                       0x00000eec   Section        0  rtx_thread.o(.text.osRtxThreadRegPtr)
    [Anonymous Symbol]                       0x00000ef4   Section        0  rtx_thread.o(.text.osRtxThreadStartup)
    __arm_cp.15_0                            0x00000f24   Number         4  rtx_thread.o(.text.osRtxThreadStartup)
    __arm_cp.15_1                            0x00000f28   Number         4  rtx_thread.o(.text.osRtxThreadStartup)
    __arm_cp.15_2                            0x00000f2c   Number         4  rtx_thread.o(.text.osRtxThreadStartup)
    [Anonymous Symbol]                       0x00000f30   Section        0  rtx_thread.o(.text.osRtxThreadSwitch)
    __arm_cp.8_0                             0x00000f3c   Number         4  rtx_thread.o(.text.osRtxThreadSwitch)
    [Anonymous Symbol]                       0x00000f40   Section        0  rtx_thread.o(.text.osRtxThreadWaitEnter)
    __arm_cp.13_0                            0x00000f78   Number         4  rtx_thread.o(.text.osRtxThreadWaitEnter)
    [Anonymous Symbol]                       0x00000f7c   Section        0  rtx_thread.o(.text.osRtxThreadWaitExit)
    [Anonymous Symbol]                       0x00000fa0   Section        0  rtx_system.o(.text.osRtxTick_Handler)
    __arm_cp.0_0                             0x00001014   Number         4  rtx_system.o(.text.osRtxTick_Handler)
    [Anonymous Symbol]                       0x00001018   Section        0  rtx_timer.o(.text.osRtxTimerSetup)
    __arm_cp.0_0                             0x00001030   Number         4  rtx_timer.o(.text.osRtxTimerSetup)
    __arm_cp.0_1                             0x00001034   Number         4  rtx_timer.o(.text.osRtxTimerSetup)
    [Anonymous Symbol]                       0x00001038   Section        0  rtx_timer.o(.text.osRtxTimerThread)
    [Anonymous Symbol]                       0x00001058   Section        0  rtx_timer.o(.text.osRtxTimerTick)
    osRtxTimerTick                           0x00001059   Thumb Code   108  rtx_timer.o(.text.osRtxTimerTick)
    __arm_cp.1_0                             0x000010c4   Number         4  rtx_timer.o(.text.osRtxTimerTick)
    [Anonymous Symbol]                       0x000010c8   Section        0  rtx_semaphore.o(.text.osSemaphoreAcquire)
    __arm_cp.2_0                             0x00001118   Number         4  rtx_semaphore.o(.text.osSemaphoreAcquire)
    [Anonymous Symbol]                       0x0000111c   Section        0  rtx_semaphore.o(.text.osSemaphoreDelete)
    __arm_cp.6_0                             0x0000113c   Number         4  rtx_semaphore.o(.text.osSemaphoreDelete)
    [Anonymous Symbol]                       0x00001140   Section        0  rtx_semaphore.o(.text.osSemaphoreNew)
    __arm_cp.0_0                             0x00001160   Number         4  rtx_semaphore.o(.text.osSemaphoreNew)
    [Anonymous Symbol]                       0x00001164   Section        0  rtx_semaphore.o(.text.osSemaphoreRelease)
    __arm_cp.3_0                             0x000011ac   Number         4  rtx_semaphore.o(.text.osSemaphoreRelease)
    [Anonymous Symbol]                       0x000011b0   Section        0  rtx_thread.o(.text.osThreadExit)
    __arm_cp.31_0                            0x000011b8   Number         4  rtx_thread.o(.text.osThreadExit)
    [Anonymous Symbol]                       0x000011bc   Section        0  rtx_thread.o(.text.osThreadNew)
    __arm_cp.17_0                            0x000011dc   Number         4  rtx_thread.o(.text.osThreadNew)
    [Anonymous Symbol]                       0x000011e0   Section        0  rtx_thread.o(.text.osThreadTerminate)
    __arm_cp.32_0                            0x00001200   Number         4  rtx_thread.o(.text.osThreadTerminate)
    [Anonymous Symbol]                       0x00001204   Section        0  rtx_kernel.o(.text.svcRtxKernelInitialize)
    svcRtxKernelInitialize                   0x00001205   Thumb Code   244  rtx_kernel.o(.text.svcRtxKernelInitialize)
    __arm_cp.21_0                            0x000012f8   Number         4  rtx_kernel.o(.text.svcRtxKernelInitialize)
    __arm_cp.21_1                            0x000012fc   Number         4  rtx_kernel.o(.text.svcRtxKernelInitialize)
    __arm_cp.21_2                            0x00001300   Number         4  rtx_kernel.o(.text.svcRtxKernelInitialize)
    [Anonymous Symbol]                       0x00001304   Section        0  rtx_kernel.o(.text.svcRtxKernelStart)
    svcRtxKernelStart                        0x00001305   Thumb Code   120  rtx_kernel.o(.text.svcRtxKernelStart)
    __arm_cp.22_0                            0x0000137c   Number         4  rtx_kernel.o(.text.svcRtxKernelStart)
    __arm_cp.22_1                            0x00001380   Number         4  rtx_kernel.o(.text.svcRtxKernelStart)
    __arm_cp.22_2                            0x00001384   Number         4  rtx_kernel.o(.text.svcRtxKernelStart)
    __arm_cp.22_3                            0x00001388   Number         4  rtx_kernel.o(.text.svcRtxKernelStart)
    [Anonymous Symbol]                       0x0000138c   Section        0  rtx_msgqueue.o(.text.svcRtxMessageQueueDelete)
    svcRtxMessageQueueDelete                 0x0000138d   Thumb Code   108  rtx_msgqueue.o(.text.svcRtxMessageQueueDelete)
    __arm_cp.24_0                            0x000013f8   Number         4  rtx_msgqueue.o(.text.svcRtxMessageQueueDelete)
    [Anonymous Symbol]                       0x000013fc   Section        0  rtx_msgqueue.o(.text.svcRtxMessageQueueGet)
    svcRtxMessageQueueGet                    0x000013fd   Thumb Code   212  rtx_msgqueue.o(.text.svcRtxMessageQueueGet)
    __arm_cp.22_0                            0x000014d0   Number         4  rtx_msgqueue.o(.text.svcRtxMessageQueueGet)
    [Anonymous Symbol]                       0x000014d4   Section        0  rtx_msgqueue.o(.text.svcRtxMessageQueueNew)
    svcRtxMessageQueueNew                    0x000014d5   Thumb Code   272  rtx_msgqueue.o(.text.svcRtxMessageQueueNew)
    __arm_cp.1_0                             0x000015e4   Number         4  rtx_msgqueue.o(.text.svcRtxMessageQueueNew)
    __arm_cp.1_1                             0x000015e8   Number         4  rtx_msgqueue.o(.text.svcRtxMessageQueueNew)
    [Anonymous Symbol]                       0x000015ec   Section        0  rtx_msgqueue.o(.text.svcRtxMessageQueuePut)
    svcRtxMessageQueuePut                    0x000015ed   Thumb Code   176  rtx_msgqueue.o(.text.svcRtxMessageQueuePut)
    __arm_cp.20_0                            0x0000169c   Number         4  rtx_msgqueue.o(.text.svcRtxMessageQueuePut)
    [Anonymous Symbol]                       0x000016a0   Section        0  rtx_mutex.o(.text.svcRtxMutexAcquire)
    svcRtxMutexAcquire                       0x000016a1   Thumb Code   140  rtx_mutex.o(.text.svcRtxMutexAcquire)
    __arm_cp.10_0                            0x0000172c   Number         4  rtx_mutex.o(.text.svcRtxMutexAcquire)
    [Anonymous Symbol]                       0x00001730   Section        0  rtx_mutex.o(.text.svcRtxMutexDelete)
    svcRtxMutexDelete                        0x00001731   Thumb Code   172  rtx_mutex.o(.text.svcRtxMutexDelete)
    __arm_cp.13_0                            0x000017dc   Number         4  rtx_mutex.o(.text.svcRtxMutexDelete)
    [Anonymous Symbol]                       0x000017e0   Section        0  rtx_mutex.o(.text.svcRtxMutexNew)
    svcRtxMutexNew                           0x000017e1   Thumb Code   100  rtx_mutex.o(.text.svcRtxMutexNew)
    __arm_cp.8_0                             0x00001844   Number         4  rtx_mutex.o(.text.svcRtxMutexNew)
    [Anonymous Symbol]                       0x00001848   Section        0  rtx_mutex.o(.text.svcRtxMutexRelease)
    svcRtxMutexRelease                       0x00001849   Thumb Code   176  rtx_mutex.o(.text.svcRtxMutexRelease)
    __arm_cp.11_0                            0x000018f8   Number         4  rtx_mutex.o(.text.svcRtxMutexRelease)
    [Anonymous Symbol]                       0x000018fc   Section        0  rtx_semaphore.o(.text.svcRtxSemaphoreAcquire)
    svcRtxSemaphoreAcquire                   0x000018fd   Thumb Code    84  rtx_semaphore.o(.text.svcRtxSemaphoreAcquire)
    __arm_cp.10_0                            0x00001950   Number         4  rtx_semaphore.o(.text.svcRtxSemaphoreAcquire)
    [Anonymous Symbol]                       0x00001954   Section        0  rtx_semaphore.o(.text.svcRtxSemaphoreDelete)
    svcRtxSemaphoreDelete                    0x00001955   Thumb Code    92  rtx_semaphore.o(.text.svcRtxSemaphoreDelete)
    __arm_cp.13_0                            0x000019b0   Number         4  rtx_semaphore.o(.text.svcRtxSemaphoreDelete)
    [Anonymous Symbol]                       0x000019b4   Section        0  rtx_semaphore.o(.text.svcRtxSemaphoreNew)
    svcRtxSemaphoreNew                       0x000019b5   Thumb Code   116  rtx_semaphore.o(.text.svcRtxSemaphoreNew)
    __arm_cp.7_0                             0x00001a28   Number         4  rtx_semaphore.o(.text.svcRtxSemaphoreNew)
    __arm_cp.7_1                             0x00001a2c   Number         4  rtx_semaphore.o(.text.svcRtxSemaphoreNew)
    [Anonymous Symbol]                       0x00001a30   Section        0  rtx_semaphore.o(.text.svcRtxSemaphoreRelease)
    svcRtxSemaphoreRelease                   0x00001a31   Thumb Code    56  rtx_semaphore.o(.text.svcRtxSemaphoreRelease)
    [Anonymous Symbol]                       0x00001a68   Section        0  rtx_thread.o(.text.svcRtxThreadExit)
    svcRtxThreadExit                         0x00001a69   Thumb Code    72  rtx_thread.o(.text.svcRtxThreadExit)
    __arm_cp.54_0                            0x00001ab0   Number         4  rtx_thread.o(.text.svcRtxThreadExit)
    [Anonymous Symbol]                       0x00001ab4   Section        0  rtx_thread.o(.text.svcRtxThreadNew)
    svcRtxThreadNew                          0x00001ab5   Thumb Code   472  rtx_thread.o(.text.svcRtxThreadNew)
    __arm_cp.16_0                            0x00001c8c   Number         4  rtx_thread.o(.text.svcRtxThreadNew)
    __arm_cp.16_1                            0x00001c90   Number         4  rtx_thread.o(.text.svcRtxThreadNew)
    __arm_cp.16_2                            0x00001c94   Number         4  rtx_thread.o(.text.svcRtxThreadNew)
    __arm_cp.16_3                            0x00001c98   Number         4  rtx_thread.o(.text.svcRtxThreadNew)
    __arm_cp.16_4                            0x00001c9c   Number         4  rtx_thread.o(.text.svcRtxThreadNew)
    [Anonymous Symbol]                       0x00001ca0   Section        0  rtx_thread.o(.text.svcRtxThreadTerminate)
    svcRtxThreadTerminate                    0x00001ca1   Thumb Code   132  rtx_thread.o(.text.svcRtxThreadTerminate)
    __arm_cp.57_0                            0x00001d24   Number         4  rtx_thread.o(.text.svcRtxThreadTerminate)
    i.Free                                   0x00001d28   Section        0  uart.o(i.Free)
    i.FreeRcv                                0x00001d30   Section        0  uart.o(i.FreeRcv)
    i.FreeSnd                                0x00001d54   Section        0  uart.o(i.FreeSnd)
    i.OM                                     0x00001d78   Section        0  general.o(i.OM)
    i.SystemCoreClockUpdate                  0x00001e84   Section        0  system_lpc17xx.o(i.SystemCoreClockUpdate)
    i.SystemInit                             0x0000202c   Section        0  system_lpc17xx.o(i.SystemInit)
    i.UART0_IRQHandler                       0x0000216c   Section        0  uart.o(i.UART0_IRQHandler)
    i.UART1_IRQHandler                       0x000021d4   Section        0  uart.o(i.UART1_IRQHandler)
    i.UARTInit                               0x00002244   Section        0  uart.o(i.UARTInit)
    i.UARTSendChar                           0x00002300   Section        0  uart.o(i.UARTSendChar)
    i.__0printf$3                            0x00002324   Section        0  printf3.o(i.__0printf$3)
    i.__0sprintf$3                           0x00002344   Section        0  printf3.o(i.__0sprintf$3)
    i.__NVIC_EnableIRQ                       0x0000236c   Section        0  uart.o(i.__NVIC_EnableIRQ)
    __NVIC_EnableIRQ                         0x0000236d   Thumb Code    34  uart.o(i.__NVIC_EnableIRQ)
    i.__scatterload_copy                     0x0000238e   Section       14  handlers.o(i.__scatterload_copy)
    i.__scatterload_null                     0x0000239c   Section        2  handlers.o(i.__scatterload_null)
    i.__scatterload_zeroinit                 0x0000239e   Section       14  handlers.o(i.__scatterload_zeroinit)
    i._printf_core                           0x000023ac   Section        0  printf3.o(i._printf_core)
    _printf_core                             0x000023ad   Thumb Code   436  printf3.o(i._printf_core)
    i._sputc                                 0x00002564   Section        0  printf3.o(i._sputc)
    _sputc                                   0x00002565   Thumb Code    10  printf3.o(i._sputc)
    i.broadcast                              0x00002570   Section        0  general.o(i.broadcast)
    i.cleanup                                0x000025f8   Section        0  general.o(i.cleanup)
    i.fputc                                  0x00002664   Section        0  retarget.o(i.fputc)
    i.general                                0x00002674   Section        0  general.o(i.general)
    i.getFrequency                           0x000026c4   Section        0  uart.o(i.getFrequency)
    i.main                                   0x0000270c   Section        0  final.o(i.main)
    i.osRtxErrorNotify                       0x0000272c   Section        0  rtx_config.o(i.osRtxErrorNotify)
    i.osRtxIdleThread                        0x0000274c   Section        0  rtx_config.o(i.osRtxIdleThread)
    i.reusableBarrier                        0x00002750   Section        0  general.o(i.reusableBarrier)
    i.sendchar                               0x00002808   Section        0  retarget.o(i.sendchar)
    i.setup                                  0x0000284c   Section        0  general.o(i.setup)
    i.startGenerals                          0x00002974   Section        0  final.o(i.startGenerals)
    i.stopGenerals                           0x000029e0   Section        0  final.o(i.stopGenerals)
    i.testCases                              0x00002a08   Section        0  final.o(i.testCases)
    .constdata                               0x00002b04   Section      104  rtx_lib.o(.constdata)
    os_idle_thread_attr                      0x00002b04   Data          36  rtx_lib.o(.constdata)
    os_timer_thread_attr                     0x00002b28   Data          36  rtx_lib.o(.constdata)
    os_timer_mq_attr                         0x00002b4c   Data          24  rtx_lib.o(.constdata)
    .rodata                                  0x00002b6c   Section      168  rtx_lib.o(.rodata)
    __tagsym$$used                           0x00002b6c   Number         0  rtx_lib.o(.rodata)
    __tagsym$$used                           0x00002bdc   Number         0  rtx_lib.o(.rodata)
    [Anonymous Symbol]                       0x00002c18   Section        0  rtx_kernel.o(.rodata.str1.4)
    .bss.os                                  0x10000000   Section    19528  rtx_lib.o(.bss.os)
    os_mem                                   0x10000000   Data       19464  rtx_lib.o(.bss.os)
    os_isr_queue                             0x10004c08   Data          64  rtx_lib.o(.bss.os)
    .bss.os.msgqueue.cb                      0x2007c000   Section       52  rtx_lib.o(.bss.os.msgqueue.cb)
    os_timer_mq_cb                           0x2007c000   Data          52  rtx_lib.o(.bss.os.msgqueue.cb)
    .bss.os.msgqueue.mem                     0x2007c034   Section       80  rtx_lib.o(.bss.os.msgqueue.mem)
    os_timer_mq_data                         0x2007c034   Data          80  rtx_lib.o(.bss.os.msgqueue.mem)
    .bss.os.thread.cb                        0x2007c084   Section      136  rtx_lib.o(.bss.os.thread.cb)
    os_idle_thread_cb                        0x2007c084   Data          68  rtx_lib.o(.bss.os.thread.cb)
    os_timer_thread_cb                       0x2007c0c8   Data          68  rtx_lib.o(.bss.os.thread.cb)
    .bss.os.thread.idle.stack                0x2007c110   Section      256  rtx_lib.o(.bss.os.thread.idle.stack)
    os_idle_thread_stack                     0x2007c110   Data         256  rtx_lib.o(.bss.os.thread.idle.stack)
    .bss.os.thread.timer.stack               0x2007c210   Section      512  rtx_lib.o(.bss.os.thread.timer.stack)
    os_timer_thread_stack                    0x2007c210   Data         512  rtx_lib.o(.bss.os.thread.timer.stack)
    .data                                    0x2007c410   Section       12  retarget.o(.data)
    .data                                    0x2007c41c   Section       32  uart.o(.data)
    .data                                    0x2007c43c   Section       76  final.o(.data)
    .data                                    0x2007c488   Section       30  general.o(.data)
    .data                                    0x2007c4a8   Section        4  system_lpc17xx.o(.data)
    .bss                                     0x2007c550   Section      128  uart.o(.bss)
    .bss                                     0x2007c5d0   Section       28  final.o(.bss)
    .bss                                     0x2007c5ec   Section       84  general.o(.bss)
    [Anonymous Symbol]                       0x2007c640   Section        0  os_systick.o(.bss.os)
    PendST                                   0x2007c640   Data           1  os_systick.o(.bss.os)
    STACK                                    0x2007c648   Section      512  startup_lpc17xx.o(STACK)
    FPCCR                                    0xe000ef34   Number         0  irq_armv7m.o ABSOLUTE

    Global Symbols

    Symbol Name                              Value     Ov Type        Size  Object(Section)

    BuildAttributes$$THM_ISAv4$P$D$K$B$S$PE$A:L22UL41UL21$X:L11$S22US41US21$IEEE1$IW$USESV6$~STKCKD$USESV7$~SHL$OSPACE$ROPI$EBA8$MICROLIB$REQ8$PRES8$EABIv2 0x00000000   Number         0  anon$$obj.o ABSOLUTE
    __ARM_use_no_argv                        0x00000000   Number         0  final.o ABSOLUTE
    __Vectors                                0x00000000   Data           4  startup_lpc17xx.o(RESET)
    _printf_a                                0x00000000   Number         0  stubs.o ABSOLUTE
    _printf_c                                0x00000000   Number         0  stubs.o ABSOLUTE
    _printf_charcount                        0x00000000   Number         0  stubs.o ABSOLUTE
    _printf_d                                0x00000000   Number         0  stubs.o ABSOLUTE
    _printf_e                                0x00000000   Number         0  stubs.o ABSOLUTE
    _printf_f                                0x00000000   Number         0  stubs.o ABSOLUTE
    _printf_flags                            0x00000000   Number         0  stubs.o ABSOLUTE
    _printf_fp_dec                           0x00000000   Number         0  stubs.o ABSOLUTE
    _printf_fp_hex                           0x00000000   Number         0  stubs.o ABSOLUTE
    _printf_g                                0x00000000   Number         0  stubs.o ABSOLUTE
    _printf_i                                0x00000000   Number         0  stubs.o ABSOLUTE
    _printf_int_dec                          0x00000000   Number         0  stubs.o ABSOLUTE
    _printf_l                                0x00000000   Number         0  stubs.o ABSOLUTE
    _printf_lc                               0x00000000   Number         0  stubs.o ABSOLUTE
    _printf_ll                               0x00000000   Number         0  stubs.o ABSOLUTE
    _printf_lld                              0x00000000   Number         0  stubs.o ABSOLUTE
    _printf_lli                              0x00000000   Number         0  stubs.o ABSOLUTE
    _printf_llo                              0x00000000   Number         0  stubs.o ABSOLUTE
    _printf_llu                              0x00000000   Number         0  stubs.o ABSOLUTE
    _printf_llx                              0x00000000   Number         0  stubs.o ABSOLUTE
    _printf_longlong_dec                     0x00000000   Number         0  stubs.o ABSOLUTE
    _printf_longlong_hex                     0x00000000   Number         0  stubs.o ABSOLUTE
    _printf_longlong_oct                     0x00000000   Number         0  stubs.o ABSOLUTE
    _printf_ls                               0x00000000   Number         0  stubs.o ABSOLUTE
    _printf_mbtowc                           0x00000000   Number         0  stubs.o ABSOLUTE
    _printf_n                                0x00000000   Number         0  stubs.o ABSOLUTE
    _printf_o                                0x00000000   Number         0  stubs.o ABSOLUTE
    _printf_p                                0x00000000   Number         0  stubs.o ABSOLUTE
    _printf_percent                          0x00000000   Number         0  stubs.o ABSOLUTE
    _printf_pre_padding                      0x00000000   Number         0  stubs.o ABSOLUTE
    _printf_return_value                     0x00000000   Number         0  stubs.o ABSOLUTE
    _printf_s                                0x00000000   Number         0  stubs.o ABSOLUTE
    _printf_sizespec                         0x00000000   Number         0  stubs.o ABSOLUTE
    _printf_str                              0x00000000   Number         0  stubs.o ABSOLUTE
    _printf_truncate_signed                  0x00000000   Number         0  stubs.o ABSOLUTE
    _printf_truncate_unsigned                0x00000000   Number         0  stubs.o ABSOLUTE
    _printf_u                                0x00000000   Number         0  stubs.o ABSOLUTE
    _printf_wc                               0x00000000   Number         0  stubs.o ABSOLUTE
    _printf_wctomb                           0x00000000   Number         0  stubs.o ABSOLUTE
    _printf_widthprec                        0x00000000   Number         0  stubs.o ABSOLUTE
    _printf_x                                0x00000000   Number         0  stubs.o ABSOLUTE
    .bss.os.evflags.cb$$Base                  - Undefined Weak Reference
    .bss.os.evflags.cb$$Limit                 - Undefined Weak Reference
    .bss.os.mempool.cb$$Base                  - Undefined Weak Reference
    .bss.os.mempool.cb$$Limit                 - Undefined Weak Reference
    .bss.os.mutex.cb$$Base                    - Undefined Weak Reference
    .bss.os.mutex.cb$$Limit                   - Undefined Weak Reference
    .bss.os.semaphore.cb$$Base                - Undefined Weak Reference
    .bss.os.semaphore.cb$$Limit               - Undefined Weak Reference
    .bss.os.timer.cb$$Base                    - Undefined Weak Reference
    .bss.os.timer.cb$$Limit                   - Undefined Weak Reference
    __cpp_initialize__aeabi_                  - Undefined Weak Reference
    __cxa_finalize                            - Undefined Weak Reference
    _clock_init                               - Undefined Weak Reference
    _microlib_exit                            - Undefined Weak Reference
    __main                                   0x000000cd   Thumb Code     0  entry.o(.ARM.Collect$$$$00000000)
    _main_stk                                0x000000cd   Thumb Code     0  entry2.o(.ARM.Collect$$$$00000001)
    _main_scatterload                        0x000000d1   Thumb Code     0  entry5.o(.ARM.Collect$$$$00000004)
    __main_after_scatterload                 0x000000d5   Thumb Code     0  entry5.o(.ARM.Collect$$$$00000004)
    _main_clock                              0x000000d5   Thumb Code     0  entry7b.o(.ARM.Collect$$$$00000008)
    _main_cpp_init                           0x000000d5   Thumb Code     0  entry8b.o(.ARM.Collect$$$$0000000A)
    _main_init                               0x000000d5   Thumb Code     0  entry9a.o(.ARM.Collect$$$$0000000B)
    __rt_final_cpp                           0x000000dd   Thumb Code     0  entry10a.o(.ARM.Collect$$$$0000000D)
    __rt_final_exit                          0x000000dd   Thumb Code     0  entry11a.o(.ARM.Collect$$$$0000000F)
    Reset_Handler                            0x000000e1   Thumb Code     8  startup_lpc17xx.o(.text)
    NMI_Handler                              0x000000e9   Thumb Code     2  startup_lpc17xx.o(.text)
    HardFault_Handler                        0x000000eb   Thumb Code     2  startup_lpc17xx.o(.text)
    MemManage_Handler                        0x000000ed   Thumb Code     2  startup_lpc17xx.o(.text)
    BusFault_Handler                         0x000000ef   Thumb Code     2  startup_lpc17xx.o(.text)
    UsageFault_Handler                       0x000000f1   Thumb Code     2  startup_lpc17xx.o(.text)
    DebugMon_Handler                         0x000000f5   Thumb Code     2  startup_lpc17xx.o(.text)
    ADC_IRQHandler                           0x000000fb   Thumb Code     0  startup_lpc17xx.o(.text)
    BOD_IRQHandler                           0x000000fb   Thumb Code     0  startup_lpc17xx.o(.text)
    CANActivity_IRQHandler                   0x000000fb   Thumb Code     0  startup_lpc17xx.o(.text)
    CAN_IRQHandler                           0x000000fb   Thumb Code     0  startup_lpc17xx.o(.text)
    DMA_IRQHandler                           0x000000fb   Thumb Code     0  startup_lpc17xx.o(.text)
    EINT0_IRQHandler                         0x000000fb   Thumb Code     0  startup_lpc17xx.o(.text)
    EINT1_IRQHandler                         0x000000fb   Thumb Code     0  startup_lpc17xx.o(.text)
    EINT2_IRQHandler                         0x000000fb   Thumb Code     0  startup_lpc17xx.o(.text)
    EINT3_IRQHandler                         0x000000fb   Thumb Code     0  startup_lpc17xx.o(.text)
    ENET_IRQHandler                          0x000000fb   Thumb Code     0  startup_lpc17xx.o(.text)
    I2C0_IRQHandler                          0x000000fb   Thumb Code     0  startup_lpc17xx.o(.text)
    I2C1_IRQHandler                          0x000000fb   Thumb Code     0  startup_lpc17xx.o(.text)
    I2C2_IRQHandler                          0x000000fb   Thumb Code     0  startup_lpc17xx.o(.text)
    I2S_IRQHandler                           0x000000fb   Thumb Code     0  startup_lpc17xx.o(.text)
    MCPWM_IRQHandler                         0x000000fb   Thumb Code     0  startup_lpc17xx.o(.text)
    PLL0_IRQHandler                          0x000000fb   Thumb Code     0  startup_lpc17xx.o(.text)
    PLL1_IRQHandler                          0x000000fb   Thumb Code     0  startup_lpc17xx.o(.text)
    PWM1_IRQHandler                          0x000000fb   Thumb Code     0  startup_lpc17xx.o(.text)
    QEI_IRQHandler                           0x000000fb   Thumb Code     0  startup_lpc17xx.o(.text)
    RIT_IRQHandler                           0x000000fb   Thumb Code     0  startup_lpc17xx.o(.text)
    RTC_IRQHandler                           0x000000fb   Thumb Code     0  startup_lpc17xx.o(.text)
    SPI_IRQHandler                           0x000000fb   Thumb Code     0  startup_lpc17xx.o(.text)
    SSP0_IRQHandler                          0x000000fb   Thumb Code     0  startup_lpc17xx.o(.text)
    SSP1_IRQHandler                          0x000000fb   Thumb Code     0  startup_lpc17xx.o(.text)
    TIMER0_IRQHandler                        0x000000fb   Thumb Code     0  startup_lpc17xx.o(.text)
    TIMER1_IRQHandler                        0x000000fb   Thumb Code     0  startup_lpc17xx.o(.text)
    TIMER2_IRQHandler                        0x000000fb   Thumb Code     0  startup_lpc17xx.o(.text)
    TIMER3_IRQHandler                        0x000000fb   Thumb Code     0  startup_lpc17xx.o(.text)
    UART2_IRQHandler                         0x000000fb   Thumb Code     0  startup_lpc17xx.o(.text)
    UART3_IRQHandler                         0x000000fb   Thumb Code     0  startup_lpc17xx.o(.text)
    USBActivity_IRQHandler                   0x000000fb   Thumb Code     0  startup_lpc17xx.o(.text)
    USB_IRQHandler                           0x000000fb   Thumb Code     0  startup_lpc17xx.o(.text)
    WDT_IRQHandler                           0x000000fb   Thumb Code     0  startup_lpc17xx.o(.text)
    SVC_Handler                              0x00000105   Thumb Code   108  irq_armv7m.o(.text)
    PendSV_Handler                           0x00000171   Thumb Code    16  irq_armv7m.o(.text)
    SysTick_Handler                          0x00000181   Thumb Code    16  irq_armv7m.o(.text)
    __aeabi_uldivmod                         0x00000199   Thumb Code    98  uldiv.o(.text)
    __aeabi_memcpy                           0x000001fb   Thumb Code    36  memcpya.o(.text)
    __aeabi_memcpy4                          0x000001fb   Thumb Code     0  memcpya.o(.text)
    __aeabi_memcpy8                          0x000001fb   Thumb Code     0  memcpya.o(.text)
    __aeabi_memset                           0x0000021f   Thumb Code    14  memseta.o(.text)
    __aeabi_memset4                          0x0000021f   Thumb Code     0  memseta.o(.text)
    __aeabi_memset8                          0x0000021f   Thumb Code     0  memseta.o(.text)
    __aeabi_memclr                           0x0000022d   Thumb Code     4  memseta.o(.text)
    __aeabi_memclr4                          0x0000022d   Thumb Code     0  memseta.o(.text)
    __aeabi_memclr8                          0x0000022d   Thumb Code     0  memseta.o(.text)
    _memset$wrapper                          0x00000231   Thumb Code    18  memseta.o(.text)
    strstr                                   0x00000243   Thumb Code    36  strstr.o(.text)
    __aeabi_uidiv                            0x00000267   Thumb Code     0  uidiv.o(.text)
    __aeabi_uidivmod                         0x00000267   Thumb Code    44  uidiv.o(.text)
    __aeabi_llsl                             0x00000293   Thumb Code    30  llshl.o(.text)
    _ll_shift_l                              0x00000293   Thumb Code     0  llshl.o(.text)
    __aeabi_llsr                             0x000002b1   Thumb Code    32  llushr.o(.text)
    _ll_ushift_r                             0x000002b1   Thumb Code     0  llushr.o(.text)
    __scatterload                            0x000002d1   Thumb Code    28  init.o(.text)
    __scatterload_rt2                        0x000002d1   Thumb Code     0  init.o(.text)
    OS_Tick_GetIRQn                          0x000002f5   Thumb Code     6  os_systick.o(.text.OS_Tick_GetIRQn)
    osRtxKernelPreInit                       0x000002fb   Thumb Code     2  rtx_kernel.o(.text.osRtxKernelPreInit)
    __decompress                             0x00000301   Thumb Code     0  __dczerorl2.o(.text)
    __decompress1                            0x00000301   Thumb Code    86  __dczerorl2.o(.text)
    OS_Tick_AcknowledgeIRQ                   0x0000040d   Thumb Code     8  os_systick.o(.text.OS_Tick_AcknowledgeIRQ)
    OS_Tick_Enable                           0x00000419   Thumb Code    32  os_systick.o(.text.OS_Tick_Enable)
    OS_Tick_Setup                            0x00000445   Thumb Code    48  os_systick.o(.text.OS_Tick_Setup)
    osKernelInitialize                       0x000005a5   Thumb Code    40  rtx_kernel.o(.text.osKernelInitialize)
    osKernelStart                            0x000005d1   Thumb Code    32  rtx_kernel.o(.text.osKernelStart)
    osMessageQueueDelete                     0x000005f5   Thumb Code    32  rtx_msgqueue.o(.text.osMessageQueueDelete)
    osMessageQueueGet                        0x00000619   Thumb Code   108  rtx_msgqueue.o(.text.osMessageQueueGet)
    osMessageQueueNew                        0x00000689   Thumb Code    32  rtx_msgqueue.o(.text.osMessageQueueNew)
    osMessageQueuePut                        0x000006ad   Thumb Code   124  rtx_msgqueue.o(.text.osMessageQueuePut)
    osMutexAcquire                           0x0000072d   Thumb Code    32  rtx_mutex.o(.text.osMutexAcquire)
    osMutexDelete                            0x00000751   Thumb Code    32  rtx_mutex.o(.text.osMutexDelete)
    osMutexNew                               0x00000775   Thumb Code    32  rtx_mutex.o(.text.osMutexNew)
    osMutexRelease                           0x00000799   Thumb Code    32  rtx_mutex.o(.text.osMutexRelease)
    osRtxKernelErrorNotify                   0x000007bd   Thumb Code     4  rtx_kernel.o(.text.osRtxKernelErrorNotify)
    osRtxMemoryAlloc                         0x000007c1   Thumb Code   108  rtx_memory.o(.text.osRtxMemoryAlloc)
    osRtxMemoryFree                          0x0000082d   Thumb Code    66  rtx_memory.o(.text.osRtxMemoryFree)
    osRtxMemoryInit                          0x0000086f   Thumb Code    54  rtx_memory.o(.text.osRtxMemoryInit)
    osRtxMemoryPoolAlloc                     0x000008a5   Thumb Code    58  rtx_mempool.o(.text.osRtxMemoryPoolAlloc)
    osRtxMemoryPoolFree                      0x000008df   Thumb Code    74  rtx_mempool.o(.text.osRtxMemoryPoolFree)
    osRtxMemoryPoolInit                      0x00000929   Thumb Code    56  rtx_mempool.o(.text.osRtxMemoryPoolInit)
    osRtxMessageQueueTimerSetup              0x00000a0d   Thumb Code    32  rtx_msgqueue.o(.text.osRtxMessageQueueTimerSetup)
    osRtxMutexOwnerRelease                   0x00000a35   Thumb Code    72  rtx_mutex.o(.text.osRtxMutexOwnerRelease)
    osRtxMutexOwnerRestore                   0x00000a7d   Thumb Code    66  rtx_mutex.o(.text.osRtxMutexOwnerRestore)
    osRtxPendSV_Handler                      0x00000ac1   Thumb Code   136  rtx_system.o(.text.osRtxPendSV_Handler)
    osRtxPostProcess                         0x00000b4d   Thumb Code   108  rtx_system.o(.text.osRtxPostProcess)
    osRtxThreadDelayTick                     0x00000cf1   Thumb Code    72  rtx_thread.o(.text.osRtxThreadDelayTick)
    osRtxThreadDispatch                      0x00000d61   Thumb Code    80  rtx_thread.o(.text.osRtxThreadDispatch)
    osRtxThreadListGet                       0x00000e2b   Thumb Code    18  rtx_thread.o(.text.osRtxThreadListGet)
    osRtxThreadListPut                       0x00000e3d   Thumb Code    44  rtx_thread.o(.text.osRtxThreadListPut)
    osRtxThreadListRemove                    0x00000e69   Thumb Code    20  rtx_thread.o(.text.osRtxThreadListRemove)
    osRtxThreadListSort                      0x00000e89   Thumb Code    38  rtx_thread.o(.text.osRtxThreadListSort)
    osRtxThreadReadyPut                      0x00000ed9   Thumb Code    16  rtx_thread.o(.text.osRtxThreadReadyPut)
    osRtxThreadRegPtr                        0x00000eed   Thumb Code     6  rtx_thread.o(.text.osRtxThreadRegPtr)
    osRtxThreadStartup                       0x00000ef5   Thumb Code    48  rtx_thread.o(.text.osRtxThreadStartup)
    osRtxThreadSwitch                        0x00000f31   Thumb Code    12  rtx_thread.o(.text.osRtxThreadSwitch)
    osRtxThreadWaitEnter                     0x00000f41   Thumb Code    56  rtx_thread.o(.text.osRtxThreadWaitEnter)
    osRtxThreadWaitExit                      0x00000f7d   Thumb Code    34  rtx_thread.o(.text.osRtxThreadWaitExit)
    osRtxTick_Handler                        0x00000fa1   Thumb Code   116  rtx_system.o(.text.osRtxTick_Handler)
    osRtxTimerSetup                          0x00001019   Thumb Code    24  rtx_timer.o(.text.osRtxTimerSetup)
    osRtxTimerThread                         0x00001039   Thumb Code    32  rtx_timer.o(.text.osRtxTimerThread)
    osSemaphoreAcquire                       0x000010c9   Thumb Code    80  rtx_semaphore.o(.text.osSemaphoreAcquire)
    osSemaphoreDelete                        0x0000111d   Thumb Code    32  rtx_semaphore.o(.text.osSemaphoreDelete)
    osSemaphoreNew                           0x00001141   Thumb Code    32  rtx_semaphore.o(.text.osSemaphoreNew)
    osSemaphoreRelease                       0x00001165   Thumb Code    72  rtx_semaphore.o(.text.osSemaphoreRelease)
    osThreadExit                             0x000011b1   Thumb Code     8  rtx_thread.o(.text.osThreadExit)
    osThreadNew                              0x000011bd   Thumb Code    32  rtx_thread.o(.text.osThreadNew)
    osThreadTerminate                        0x000011e1   Thumb Code    32  rtx_thread.o(.text.osThreadTerminate)
    Free                                     0x00001d29   Thumb Code     6  uart.o(i.Free)
    FreeRcv                                  0x00001d31   Thumb Code    28  uart.o(i.FreeRcv)
    FreeSnd                                  0x00001d55   Thumb Code    28  uart.o(i.FreeSnd)
    OM                                       0x00001d79   Thumb Code   226  general.o(i.OM)
    SystemCoreClockUpdate                    0x00001e85   Thumb Code   408  system_lpc17xx.o(i.SystemCoreClockUpdate)
    SystemInit                               0x0000202d   Thumb Code   302  system_lpc17xx.o(i.SystemInit)
    UART0_IRQHandler                         0x0000216d   Thumb Code    88  uart.o(i.UART0_IRQHandler)
    UART1_IRQHandler                         0x000021d5   Thumb Code    90  uart.o(i.UART1_IRQHandler)
    UARTInit                                 0x00002245   Thumb Code   176  uart.o(i.UARTInit)
    UARTSendChar                             0x00002301   Thumb Code    26  uart.o(i.UARTSendChar)
    __0printf$3                              0x00002325   Thumb Code    22  printf3.o(i.__0printf$3)
    __1printf$3                              0x00002325   Thumb Code     0  printf3.o(i.__0printf$3)
    __2printf                                0x00002325   Thumb Code     0  printf3.o(i.__0printf$3)
    __0sprintf$3                             0x00002345   Thumb Code    34  printf3.o(i.__0sprintf$3)
    __1sprintf$3                             0x00002345   Thumb Code     0  printf3.o(i.__0sprintf$3)
    __2sprintf                               0x00002345   Thumb Code     0  printf3.o(i.__0sprintf$3)
    __scatterload_copy                       0x0000238f   Thumb Code    14  handlers.o(i.__scatterload_copy)
    __scatterload_null                       0x0000239d   Thumb Code     2  handlers.o(i.__scatterload_null)
    __scatterload_zeroinit                   0x0000239f   Thumb Code    14  handlers.o(i.__scatterload_zeroinit)
    broadcast                                0x00002571   Thumb Code   106  general.o(i.broadcast)
    cleanup                                  0x000025f9   Thumb Code    82  general.o(i.cleanup)
    fputc                                    0x00002665   Thumb Code    14  retarget.o(i.fputc)
    general                                  0x00002675   Thumb Code    66  general.o(i.general)
    getFrequency                             0x000026c5   Thumb Code    62  uart.o(i.getFrequency)
    main                                     0x0000270d   Thumb Code    26  final.o(i.main)
    osRtxErrorNotify                         0x0000272d   Thumb Code    32  rtx_config.o(i.osRtxErrorNotify)
    osRtxIdleThread                          0x0000274d   Thumb Code     4  rtx_config.o(i.osRtxIdleThread)
    reusableBarrier                          0x00002751   Thumb Code   164  general.o(i.reusableBarrier)
    sendchar                                 0x00002809   Thumb Code    64  retarget.o(i.sendchar)
    setup                                    0x0000284d   Thumb Code   190  general.o(i.setup)
    startGenerals                            0x00002975   Thumb Code    60  final.o(i.startGenerals)
    stopGenerals                             0x000029e1   Thumb Code    30  final.o(i.stopGenerals)
    testCases                                0x00002a09   Thumb Code   136  final.o(i.testCases)
    irqRtxLibRef                             0x00002b64   Data           4  rtx_lib.o(.constdata)
    osRtxUserSVC                             0x00002b68   Data           4  rtx_lib.o(.constdata)
    osRtxConfig                              0x00002b6c   Data         112  rtx_lib.o(.rodata)
    os_cb_sections                           0x00002bdc   Data          56  rtx_lib.o(.rodata)
    irqRtxLib                                0x00002c14   Number         0  irq_armv7m.o(.rodata)
    Region$$Table$$Base                      0x00002c24   Number         0  anon$$obj.o(Region$$Table)
    Region$$Table$$Limit                     0x00002c54   Number         0  anon$$obj.o(Region$$Table)
    .bss.os.msgqueue.cb$$Base                0x2007c000   Number         0  rtx_lib.o(.bss.os.msgqueue.cb)
    .bss.os.msgqueue.cb$$Limit               0x2007c034   Number         0  rtx_lib.o(.bss.os.msgqueue.cb)
    .bss.os.thread.cb$$Base                  0x2007c084   Number         0  rtx_lib.o(.bss.os.thread.cb)
    .bss.os.thread.cb$$Limit                 0x2007c10c   Number         0  rtx_lib.o(.bss.os.thread.cb)
    uart_init_called                         0x2007c410   Data           1  retarget.o(.data)
    __stdout                                 0x2007c414   Data           4  retarget.o(.data)
    __stdin                                  0x2007c418   Data           4  retarget.o(.data)
    ITM_RxBuffer                             0x2007c41c   Data           4  uart.o(.data)
    UART0Status                              0x2007c420   Data           4  uart.o(.data)
    UART1Status                              0x2007c424   Data           4  uart.o(.data)
    UART0TxEmpty                             0x2007c428   Data           1  uart.o(.data)
    UART1TxEmpty                             0x2007c429   Data           1  uart.o(.data)
    UART0Count                               0x2007c42c   Data           4  uart.o(.data)
    UART1Count                               0x2007c430   Data           4  uart.o(.data)
    RcvLock0                                 0x2007c434   Data           1  uart.o(.data)
    SndLock0                                 0x2007c435   Data           1  uart.o(.data)
    RcvLock1                                 0x2007c436   Data           1  uart.o(.data)
    SndLock1                                 0x2007c437   Data           1  uart.o(.data)
    i                                        0x2007c438   Data           4  uart.o(.data)
    loyal0                                   0x2007c43c   Data           3  final.o(.data)
    loyal1                                   0x2007c43f   Data           4  final.o(.data)
    loyal2                                   0x2007c443   Data           4  final.o(.data)
    loyal3                                   0x2007c447   Data           7  final.o(.data)
    tests                                    0x2007c450   Data          48  final.o(.data)
    ids                                      0x2007c480   Data           7  final.o(.data)
    nGeneral                                 0x2007c487   Data           1  final.o(.data)
    broadcastSem                             0x2007c488   Data           4  general.o(.data)
    turnstile1                               0x2007c48c   Data           4  general.o(.data)
    turnstile2                               0x2007c490   Data           4  general.o(.data)
    mutex                                    0x2007c494   Data           4  general.o(.data)
    count                                    0x2007c498   Data           4  general.o(.data)
    N_Generals                               0x2007c49c   Data           1  general.o(.data)
    m                                        0x2007c49d   Data           1  general.o(.data)
    Reporter                                 0x2007c49e   Data           1  general.o(.data)
    loyalty                                  0x2007c49f   Data           7  general.o(.data)
    SystemCoreClock                          0x2007c4a8   Data           4  system_lpc17xx.o(.data)
    osRtxInfo                                0x2007c4ac   Data         164  rtx_kernel.o(.data.os)
    UART0Buffer                              0x2007c550   Data          64  uart.o(.bss)
    UART1Buffer                              0x2007c590   Data          64  uart.o(.bss)
    generals                                 0x2007c5d0   Data          28  final.o(.bss)
    general_queues                           0x2007c5ec   Data          84  general.o(.bss)
    __initial_sp                             0x2007c848   Data           0  startup_lpc17xx.o(STACK)



==============================================================================

Memory Map of the image

  Image Entry point : 0x000000cd

  Load Region LR_IROM1 (Base: 0x00000000, Size: 0x00007dec, Max: 0x00080000, ABSOLUTE, COMPRESSED[0x00002d44])

    Execution Region ER_IROM1 (Exec base: 0x00000000, Load base: 0x00000000, Size: 0x00002c54, Max: 0x00080000, ABSOLUTE)

    Exec Addr    Load Addr    Size         Type   Attr      Idx    E Section Name        Object

    0x00000000   0x00000000   0x000000cc   Data   RO          417    RESET               startup_lpc17xx.o
    0x000000cc   0x000000cc   0x00000000   Code   RO          967  * .ARM.Collect$$$$00000000  mc_w.l(entry.o)
    0x000000cc   0x000000cc   0x00000004   Code   RO         1241    .ARM.Collect$$$$00000001  mc_w.l(entry2.o)
    0x000000d0   0x000000d0   0x00000004   Code   RO         1244    .ARM.Collect$$$$00000004  mc_w.l(entry5.o)
    0x000000d4   0x000000d4   0x00000000   Code   RO         1246    .ARM.Collect$$$$00000008  mc_w.l(entry7b.o)
    0x000000d4   0x000000d4   0x00000000   Code   RO         1248    .ARM.Collect$$$$0000000A  mc_w.l(entry8b.o)
    0x000000d4   0x000000d4   0x00000008   Code   RO         1249    .ARM.Collect$$$$0000000B  mc_w.l(entry9a.o)
    0x000000dc   0x000000dc   0x00000000   Code   RO         1251    .ARM.Collect$$$$0000000D  mc_w.l(entry10a.o)
    0x000000dc   0x000000dc   0x00000000   Code   RO         1253    .ARM.Collect$$$$0000000F  mc_w.l(entry11a.o)
    0x000000dc   0x000000dc   0x00000004   Code   RO         1242    .ARM.Collect$$$$00002712  mc_w.l(entry2.o)
    0x000000e0   0x000000e0   0x00000024   Code   RO          419    .text               startup_lpc17xx.o
    0x00000104   0x00000104   0x00000094   Code   RO          853    .text               RTX_CM3.lib(irq_armv7m.o)
    0x00000198   0x00000198   0x00000062   Code   RO          970    .text               mc_w.l(uldiv.o)
    0x000001fa   0x000001fa   0x00000024   Code   RO          972    .text               mc_w.l(memcpya.o)
    0x0000021e   0x0000021e   0x00000024   Code   RO          974    .text               mc_w.l(memseta.o)
    0x00000242   0x00000242   0x00000024   Code   RO          976    .text               mc_w.l(strstr.o)
    0x00000266   0x00000266   0x0000002c   Code   RO         1255    .text               mc_w.l(uidiv.o)
    0x00000292   0x00000292   0x0000001e   Code   RO         1257    .text               mc_w.l(llshl.o)
    0x000002b0   0x000002b0   0x00000020   Code   RO         1259    .text               mc_w.l(llushr.o)
    0x000002d0   0x000002d0   0x00000024   Code   RO         1272    .text               mc_w.l(init.o)
    0x000002f4   0x000002f4   0x00000006   Code   RO          949    .text.OS_Tick_GetIRQn  RTX_CM3.lib(os_systick.o)
    0x000002fa   0x000002fa   0x00000002   Code   RO          462    .text.osRtxKernelPreInit  RTX_CM3.lib(rtx_kernel.o)
    0x000002fc   0x000002fc   0x00000004   Code   RO          418    .ARM.__at_0x02FC    startup_lpc17xx.o
    0x00000300   0x00000300   0x00000056   Code   RO         1286    .text               mc_w.l(__dczerorl2.o)
    0x00000356   0x00000356   0x00000040   Code   RO          836    .text.MessageQueueGet  RTX_CM3.lib(rtx_msgqueue.o)
    0x00000396   0x00000396   0x00000058   Code   RO          830    .text.MessageQueuePut  RTX_CM3.lib(rtx_msgqueue.o)
    0x000003ee   0x000003ee   0x0000001c   Code   RO          828    .text.MessageQueueRemove  RTX_CM3.lib(rtx_msgqueue.o)
    0x0000040a   0x0000040a   0x00000002   PAD
    0x0000040c   0x0000040c   0x0000000c   Code   RO          947    .text.OS_Tick_AcknowledgeIRQ  RTX_CM3.lib(os_systick.o)
    0x00000418   0x00000418   0x0000002c   Code   RO          943    .text.OS_Tick_Enable  RTX_CM3.lib(os_systick.o)
    0x00000444   0x00000444   0x00000040   Code   RO          941    .text.OS_Tick_Setup  RTX_CM3.lib(os_systick.o)
    0x00000484   0x00000484   0x0000000c   Code   RO          520    .text.OUTLINED_FUNCTION_0  RTX_CM3.lib(rtx_kernel.o)
    0x00000490   0x00000490   0x00000006   Code   RO          662    .text.OUTLINED_FUNCTION_0  RTX_CM3.lib(rtx_thread.o)
    0x00000496   0x00000496   0x0000000c   Code   RO          844    .text.OUTLINED_FUNCTION_0  RTX_CM3.lib(rtx_msgqueue.o)
    0x000004a2   0x000004a2   0x00000006   Code   RO          522    .text.OUTLINED_FUNCTION_1  RTX_CM3.lib(rtx_kernel.o)
    0x000004a8   0x000004a8   0x00000006   Code   RO          664    .text.OUTLINED_FUNCTION_1  RTX_CM3.lib(rtx_thread.o)
    0x000004ae   0x000004ae   0x00000014   Code   RO          666    .text.OUTLINED_FUNCTION_2  RTX_CM3.lib(rtx_thread.o)
    0x000004c2   0x000004c2   0x00000008   Code   RO          670    .text.OUTLINED_FUNCTION_4  RTX_CM3.lib(rtx_thread.o)
    0x000004ca   0x000004ca   0x0000002e   Code   RO          780    .text.SemaphoreTokenIncrement  RTX_CM3.lib(rtx_semaphore.o)
    0x000004f8   0x000004f8   0x00000064   Code   RO          614    .text.ThreadFlagsCheck  RTX_CM3.lib(rtx_thread.o)
    0x0000055c   0x0000055c   0x00000048   Code   RO          698    .text.TimerInsert   RTX_CM3.lib(rtx_timer.o)
    0x000005a4   0x000005a4   0x0000002c   Code   RO          466    .text.osKernelInitialize  RTX_CM3.lib(rtx_kernel.o)
    0x000005d0   0x000005d0   0x00000024   Code   RO          476    .text.osKernelStart  RTX_CM3.lib(rtx_kernel.o)
    0x000005f4   0x000005f4   0x00000024   Code   RO          824    .text.osMessageQueueDelete  RTX_CM3.lib(rtx_msgqueue.o)
    0x00000618   0x00000618   0x00000070   Code   RO          804    .text.osMessageQueueGet  RTX_CM3.lib(rtx_msgqueue.o)
    0x00000688   0x00000688   0x00000024   Code   RO          798    .text.osMessageQueueNew  RTX_CM3.lib(rtx_msgqueue.o)
    0x000006ac   0x000006ac   0x00000080   Code   RO          802    .text.osMessageQueuePut  RTX_CM3.lib(rtx_msgqueue.o)
    0x0000072c   0x0000072c   0x00000024   Code   RO          730    .text.osMutexAcquire  RTX_CM3.lib(rtx_mutex.o)
    0x00000750   0x00000750   0x00000024   Code   RO          736    .text.osMutexDelete  RTX_CM3.lib(rtx_mutex.o)
    0x00000774   0x00000774   0x00000024   Code   RO          726    .text.osMutexNew    RTX_CM3.lib(rtx_mutex.o)
    0x00000798   0x00000798   0x00000024   Code   RO          732    .text.osMutexRelease  RTX_CM3.lib(rtx_mutex.o)
    0x000007bc   0x000007bc   0x00000004   Code   RO          464    .text.osRtxKernelErrorNotify  RTX_CM3.lib(rtx_kernel.o)
    0x000007c0   0x000007c0   0x0000006c   Code   RO          863    .text.osRtxMemoryAlloc  RTX_CM3.lib(rtx_memory.o)
    0x0000082c   0x0000082c   0x00000042   Code   RO          865    .text.osRtxMemoryFree  RTX_CM3.lib(rtx_memory.o)
    0x0000086e   0x0000086e   0x00000036   Code   RO          861    .text.osRtxMemoryInit  RTX_CM3.lib(rtx_memory.o)
    0x000008a4   0x000008a4   0x0000003a   Code   RO          877    .text.osRtxMemoryPoolAlloc  RTX_CM3.lib(rtx_mempool.o)
    0x000008de   0x000008de   0x0000004a   Code   RO          879    .text.osRtxMemoryPoolFree  RTX_CM3.lib(rtx_mempool.o)
    0x00000928   0x00000928   0x00000038   Code   RO          875    .text.osRtxMemoryPoolInit  RTX_CM3.lib(rtx_mempool.o)
    0x00000960   0x00000960   0x000000aa   Code   RO          826    .text.osRtxMessageQueuePostProcess  RTX_CM3.lib(rtx_msgqueue.o)
    0x00000a0a   0x00000a0a   0x00000002   PAD
    0x00000a0c   0x00000a0c   0x00000028   Code   RO          794    .text.osRtxMessageQueueTimerSetup  RTX_CM3.lib(rtx_msgqueue.o)
    0x00000a34   0x00000a34   0x00000048   Code   RO          722    .text.osRtxMutexOwnerRelease  RTX_CM3.lib(rtx_mutex.o)
    0x00000a7c   0x00000a7c   0x00000042   Code   RO          724    .text.osRtxMutexOwnerRestore  RTX_CM3.lib(rtx_mutex.o)
    0x00000abe   0x00000abe   0x00000002   PAD
    0x00000ac0   0x00000ac0   0x0000008c   Code   RO          929    .text.osRtxPendSV_Handler  RTX_CM3.lib(rtx_system.o)
    0x00000b4c   0x00000b4c   0x00000074   Code   RO          931    .text.osRtxPostProcess  RTX_CM3.lib(rtx_system.o)
    0x00000bc0   0x00000bc0   0x00000036   Code   RO          774    .text.osRtxSemaphorePostProcess  RTX_CM3.lib(rtx_semaphore.o)
    0x00000bf6   0x00000bf6   0x00000002   PAD
    0x00000bf8   0x00000bf8   0x00000038   Code   RO          554    .text.osRtxThreadBlock  RTX_CM3.lib(rtx_thread.o)
    0x00000c30   0x00000c30   0x00000080   Code   RO          562    .text.osRtxThreadDelayInsert  RTX_CM3.lib(rtx_thread.o)
    0x00000cb0   0x00000cb0   0x00000040   Code   RO          558    .text.osRtxThreadDelayRemove  RTX_CM3.lib(rtx_thread.o)
    0x00000cf0   0x00000cf0   0x0000004c   Code   RO          544    .text.osRtxThreadDelayTick  RTX_CM3.lib(rtx_thread.o)
    0x00000d3c   0x00000d3c   0x00000024   Code   RO          646    .text.osRtxThreadDestroy  RTX_CM3.lib(rtx_thread.o)
    0x00000d60   0x00000d60   0x00000054   Code   RO          552    .text.osRtxThreadDispatch  RTX_CM3.lib(rtx_thread.o)
    0x00000db4   0x00000db4   0x00000058   Code   RO          638    .text.osRtxThreadFree  RTX_CM3.lib(rtx_thread.o)
    0x00000e0c   0x00000e0c   0x0000001e   Code   RO          644    .text.osRtxThreadJoinWakeup  RTX_CM3.lib(rtx_thread.o)
    0x00000e2a   0x00000e2a   0x00000012   Code   RO          536    .text.osRtxThreadListGet  RTX_CM3.lib(rtx_thread.o)
    0x00000e3c   0x00000e3c   0x0000002c   Code   RO          534    .text.osRtxThreadListPut  RTX_CM3.lib(rtx_thread.o)
    0x00000e68   0x00000e68   0x00000014   Code   RO          540    .text.osRtxThreadListRemove  RTX_CM3.lib(rtx_thread.o)
    0x00000e7c   0x00000e7c   0x0000000c   Code   RO          546    .text.osRtxThreadListRoot  RTX_CM3.lib(rtx_thread.o)
    0x00000e88   0x00000e88   0x00000026   Code   RO          538    .text.osRtxThreadListSort  RTX_CM3.lib(rtx_thread.o)
    0x00000eae   0x00000eae   0x00000028   Code   RO          612    .text.osRtxThreadPostProcess  RTX_CM3.lib(rtx_thread.o)
    0x00000ed6   0x00000ed6   0x00000002   PAD
    0x00000ed8   0x00000ed8   0x00000014   Code   RO          542    .text.osRtxThreadReadyPut  RTX_CM3.lib(rtx_thread.o)
    0x00000eec   0x00000eec   0x00000006   Code   RO          548    .text.osRtxThreadRegPtr  RTX_CM3.lib(rtx_thread.o)
    0x00000ef2   0x00000ef2   0x00000002   PAD
    0x00000ef4   0x00000ef4   0x0000003c   Code   RO          564    .text.osRtxThreadStartup  RTX_CM3.lib(rtx_thread.o)
    0x00000f30   0x00000f30   0x00000010   Code   RO          550    .text.osRtxThreadSwitch  RTX_CM3.lib(rtx_thread.o)
    0x00000f40   0x00000f40   0x0000003c   Code   RO          560    .text.osRtxThreadWaitEnter  RTX_CM3.lib(rtx_thread.o)
    0x00000f7c   0x00000f7c   0x00000022   Code   RO          556    .text.osRtxThreadWaitExit  RTX_CM3.lib(rtx_thread.o)
    0x00000f9e   0x00000f9e   0x00000002   PAD
    0x00000fa0   0x00000fa0   0x00000078   Code   RO          927    .text.osRtxTick_Handler  RTX_CM3.lib(rtx_system.o)
    0x00001018   0x00001018   0x00000020   Code   RO          680    .text.osRtxTimerSetup  RTX_CM3.lib(rtx_timer.o)
    0x00001038   0x00001038   0x00000020   Code   RO          684    .text.osRtxTimerThread  RTX_CM3.lib(rtx_timer.o)
    0x00001058   0x00001058   0x00000070   Code   RO          682    .text.osRtxTimerTick  RTX_CM3.lib(rtx_timer.o)
    0x000010c8   0x000010c8   0x00000054   Code   RO          762    .text.osSemaphoreAcquire  RTX_CM3.lib(rtx_semaphore.o)
    0x0000111c   0x0000111c   0x00000024   Code   RO          770    .text.osSemaphoreDelete  RTX_CM3.lib(rtx_semaphore.o)
    0x00001140   0x00001140   0x00000024   Code   RO          758    .text.osSemaphoreNew  RTX_CM3.lib(rtx_semaphore.o)
    0x00001164   0x00001164   0x0000004c   Code   RO          764    .text.osSemaphoreRelease  RTX_CM3.lib(rtx_semaphore.o)
    0x000011b0   0x000011b0   0x0000000c   Code   RO          596    .text.osThreadExit  RTX_CM3.lib(rtx_thread.o)
    0x000011bc   0x000011bc   0x00000024   Code   RO          568    .text.osThreadNew   RTX_CM3.lib(rtx_thread.o)
    0x000011e0   0x000011e0   0x00000024   Code   RO          598    .text.osThreadTerminate  RTX_CM3.lib(rtx_thread.o)
    0x00001204   0x00001204   0x00000100   Code   RO          504    .text.svcRtxKernelInitialize  RTX_CM3.lib(rtx_kernel.o)
    0x00001304   0x00001304   0x00000088   Code   RO          506    .text.svcRtxKernelStart  RTX_CM3.lib(rtx_kernel.o)
    0x0000138c   0x0000138c   0x00000070   Code   RO          842    .text.svcRtxMessageQueueDelete  RTX_CM3.lib(rtx_msgqueue.o)
    0x000013fc   0x000013fc   0x000000d8   Code   RO          838    .text.svcRtxMessageQueueGet  RTX_CM3.lib(rtx_msgqueue.o)
    0x000014d4   0x000014d4   0x00000118   Code   RO          796    .text.svcRtxMessageQueueNew  RTX_CM3.lib(rtx_msgqueue.o)
    0x000015ec   0x000015ec   0x000000b4   Code   RO          834    .text.svcRtxMessageQueuePut  RTX_CM3.lib(rtx_msgqueue.o)
    0x000016a0   0x000016a0   0x00000090   Code   RO          742    .text.svcRtxMutexAcquire  RTX_CM3.lib(rtx_mutex.o)
    0x00001730   0x00001730   0x000000b0   Code   RO          748    .text.svcRtxMutexDelete  RTX_CM3.lib(rtx_mutex.o)
    0x000017e0   0x000017e0   0x00000068   Code   RO          738    .text.svcRtxMutexNew  RTX_CM3.lib(rtx_mutex.o)
    0x00001848   0x00001848   0x000000b4   Code   RO          744    .text.svcRtxMutexRelease  RTX_CM3.lib(rtx_mutex.o)
    0x000018fc   0x000018fc   0x00000058   Code   RO          778    .text.svcRtxSemaphoreAcquire  RTX_CM3.lib(rtx_semaphore.o)
    0x00001954   0x00001954   0x00000060   Code   RO          784    .text.svcRtxSemaphoreDelete  RTX_CM3.lib(rtx_semaphore.o)
    0x000019b4   0x000019b4   0x0000007c   Code   RO          772    .text.svcRtxSemaphoreNew  RTX_CM3.lib(rtx_semaphore.o)
    0x00001a30   0x00001a30   0x00000038   Code   RO          782    .text.svcRtxSemaphoreRelease  RTX_CM3.lib(rtx_semaphore.o)
    0x00001a68   0x00001a68   0x0000004c   Code   RO          642    .text.svcRtxThreadExit  RTX_CM3.lib(rtx_thread.o)
    0x00001ab4   0x00001ab4   0x000001ec   Code   RO          566    .text.svcRtxThreadNew  RTX_CM3.lib(rtx_thread.o)
    0x00001ca0   0x00001ca0   0x00000088   Code   RO          648    .text.svcRtxThreadTerminate  RTX_CM3.lib(rtx_thread.o)
    0x00001d28   0x00001d28   0x00000006   Code   RO           73    i.Free              uart.o
    0x00001d2e   0x00001d2e   0x00000002   PAD
    0x00001d30   0x00001d30   0x00000024   Code   RO           74    i.FreeRcv           uart.o
    0x00001d54   0x00001d54   0x00000024   Code   RO           75    i.FreeSnd           uart.o
    0x00001d78   0x00001d78   0x0000010c   Code   RO          276    i.OM                general.o
    0x00001e84   0x00001e84   0x000001a8   Code   RO          428    i.SystemCoreClockUpdate  system_lpc17xx.o
    0x0000202c   0x0000202c   0x00000140   Code   RO          429    i.SystemInit        system_lpc17xx.o
    0x0000216c   0x0000216c   0x00000068   Code   RO           79    i.UART0_IRQHandler  uart.o
    0x000021d4   0x000021d4   0x00000070   Code   RO           80    i.UART1_IRQHandler  uart.o
    0x00002244   0x00002244   0x000000bc   Code   RO           81    i.UARTInit          uart.o
    0x00002300   0x00002300   0x00000024   Code   RO           85    i.UARTSendChar      uart.o
    0x00002324   0x00002324   0x00000020   Code   RO         1069    i.__0printf$3       mc_w.l(printf3.o)
    0x00002344   0x00002344   0x00000028   Code   RO         1071    i.__0sprintf$3      mc_w.l(printf3.o)
    0x0000236c   0x0000236c   0x00000022   Code   RO           86    i.__NVIC_EnableIRQ  uart.o
    0x0000238e   0x0000238e   0x0000000e   Code   RO         1280    i.__scatterload_copy  mc_w.l(handlers.o)
    0x0000239c   0x0000239c   0x00000002   Code   RO         1281    i.__scatterload_null  mc_w.l(handlers.o)
    0x0000239e   0x0000239e   0x0000000e   Code   RO         1282    i.__scatterload_zeroinit  mc_w.l(handlers.o)
    0x000023ac   0x000023ac   0x000001b8   Code   RO         1076    i._printf_core      mc_w.l(printf3.o)
    0x00002564   0x00002564   0x0000000a   Code   RO         1078    i._sputc            mc_w.l(printf3.o)
    0x0000256e   0x0000256e   0x00000002   PAD
    0x00002570   0x00002570   0x00000088   Code   RO          277    i.broadcast         general.o
    0x000025f8   0x000025f8   0x0000006c   Code   RO          278    i.cleanup           general.o
    0x00002664   0x00002664   0x0000000e   Code   RO            5    i.fputc             retarget.o
    0x00002672   0x00002672   0x00000002   PAD
    0x00002674   0x00002674   0x00000050   Code   RO          279    i.general           general.o
    0x000026c4   0x000026c4   0x00000048   Code   RO           87    i.getFrequency      uart.o
    0x0000270c   0x0000270c   0x00000020   Code   RO          207    i.main              final.o
    0x0000272c   0x0000272c   0x00000020   Code   RO          384    i.osRtxErrorNotify  rtx_config.o
    0x0000274c   0x0000274c   0x00000004   Code   RO          385    i.osRtxIdleThread   rtx_config.o
    0x00002750   0x00002750   0x000000b8   Code   RO          280    i.reusableBarrier   general.o
    0x00002808   0x00002808   0x00000044   Code   RO            7    i.sendchar          retarget.o
    0x0000284c   0x0000284c   0x00000128   Code   RO          281    i.setup             general.o
    0x00002974   0x00002974   0x0000006c   Code   RO          208    i.startGenerals     final.o
    0x000029e0   0x000029e0   0x00000028   Code   RO          209    i.stopGenerals      final.o
    0x00002a08   0x00002a08   0x000000fc   Code   RO          210    i.testCases         final.o
    0x00002b04   0x00002b04   0x00000068   Data   RO          345    .constdata          rtx_lib.o
    0x00002b6c   0x00002b6c   0x000000a8   Data   RO          346    .rodata             rtx_lib.o
    0x00002c14   0x00002c14   0x00000001   Data   RO          854    .rodata             RTX_CM3.lib(irq_armv7m.o)
    0x00002c15   0x00002c15   0x00000003   PAD
    0x00002c18   0x00002c18   0x0000000b   Data   RO          524    .rodata.str1.4      RTX_CM3.lib(rtx_kernel.o)
    0x00002c23   0x00002c23   0x00000001   PAD
    0x00002c24   0x00002c24   0x00000030   Data   RO         1278    Region$$Table       anon$$obj.o


    Execution Region RW_IRAM1 (Exec base: 0x10000000, Load base: 0x00002c54, Size: 0x00004c48, Max: 0x00008000, ABSOLUTE, COMPRESSED[0x0000009c])

    Exec Addr    Load Addr    Size         Type   Attr      Idx    E Section Name        Object

    0x10000000   COMPRESSED   0x00004c48   Data   RW          339    .bss.os             rtx_lib.o


    Execution Region RW_IRAM2 (Exec base: 0x2007c000, Load base: 0x00002cf0, Size: 0x00000848, Max: 0x00008000, ABSOLUTE, COMPRESSED[0x00000054])

    Exec Addr    Load Addr    Size         Type   Attr      Idx    E Section Name        Object

    0x2007c000   COMPRESSED   0x00000034   Data   RW          340    .bss.os.msgqueue.cb  rtx_lib.o
    0x2007c034   COMPRESSED   0x00000050   Data   RW          341    .bss.os.msgqueue.mem  rtx_lib.o
    0x2007c084   COMPRESSED   0x00000088   Data   RW          342    .bss.os.thread.cb   rtx_lib.o
    0x2007c10c   COMPRESSED   0x00000004   PAD
    0x2007c110   COMPRESSED   0x00000100   Data   RW          343    .bss.os.thread.idle.stack  rtx_lib.o
    0x2007c210   COMPRESSED   0x00000200   Data   RW          344    .bss.os.thread.timer.stack  rtx_lib.o
    0x2007c410   COMPRESSED   0x0000000c   Data   RW            8    .data               retarget.o
    0x2007c41c   COMPRESSED   0x00000020   Data   RW           89    .data               uart.o
    0x2007c43c   COMPRESSED   0x0000004c   Data   RW          212    .data               final.o
    0x2007c488   COMPRESSED   0x0000001e   Data   RW          283    .data               general.o
    0x2007c4a6   COMPRESSED   0x00000002   PAD
    0x2007c4a8   COMPRESSED   0x00000004   Data   RW          430    .data               system_lpc17xx.o
    0x2007c4ac   COMPRESSED   0x000000a4   Data   RW          525    .data.os            RTX_CM3.lib(rtx_kernel.o)
    0x2007c550        -       0x00000080   Zero   RW           88    .bss                uart.o
    0x2007c5d0        -       0x0000001c   Zero   RW          211    .bss                final.o
    0x2007c5ec        -       0x00000054   Zero   RW          282    .bss                general.o
    0x2007c640        -       0x00000001   Zero   RW          959    .bss.os             RTX_CM3.lib(os_systick.o)
    0x2007c641   COMPRESSED   0x00000007   PAD
    0x2007c648        -       0x00000200   Zero   RW          415    STACK               startup_lpc17xx.o


==============================================================================

Image component sizes


      Code (inc. data)   RO Data    RW Data    ZI Data      Debug   Object Name

       432        180          0         76         28       7180   final.o
      1072        238          0         30         84       9317   general.o
        82          4          0         12          0       7698   retarget.o
        36          6          0          0          0       1053   rtx_config.o
         0          0        272      20564          0       9242   rtx_lib.o
        40         12        204          0        512       1036   startup_lpc17xx.o
       744         34          0          4          0       1495   system_lpc17xx.o
       624         86          0         32        128      23463   uart.o

    ----------------------------------------------------------------------
      3034        560        524      20724        752      60484   Object Totals
         0          0         48          0          0          0   (incl. Generated)
         4          0          0          6          0          0   (incl. Padding)

    ----------------------------------------------------------------------

      Code (inc. data)   RO Data    RW Data    ZI Data      Debug   Library Member Name

       148          8          1          0          0        591   irq_armv7m.o
       126         32          0          0          1       3197   os_systick.o
       496         36         11        164          0      16501   rtx_kernel.o
       228          0          0          0          0       2537   rtx_memory.o
       188          0          0          0          0      16008   rtx_mempool.o
      1502         44          0          0          0      18657   rtx_msgqueue.o
       886         32          0          0          0       9962   rtx_mutex.o
       696         32          0          0          0      10527   rtx_semaphore.o
       376         26          0          0          0       5296   rtx_system.o
      1858         92          0          0          0      31735   rtx_thread.o
       248         16          0          0          0      10397   rtx_timer.o
        86          0          0          0          0          0   __dczerorl2.o
         0          0          0          0          0          0   entry.o
         0          0          0          0          0          0   entry10a.o
         0          0          0          0          0          0   entry11a.o
         8          4          0          0          0          0   entry2.o
         4          0          0          0          0          0   entry5.o
         0          0          0          0          0          0   entry7b.o
         0          0          0          0          0          0   entry8b.o
         8          4          0          0          0          0   entry9a.o
        30          0          0          0          0          0   handlers.o
        36          8          0          0          0         68   init.o
        30          0          0          0          0         68   llshl.o
        32          0          0          0          0         68   llushr.o
        36          0          0          0          0         68   memcpya.o
        36          0          0          0          0        108   memseta.o
       522         20          0          0          0        336   printf3.o
        36          0          0          0          0         80   strstr.o
        44          0          0          0          0         80   uidiv.o
        98          0          0          0          0         92   uldiv.o

    ----------------------------------------------------------------------
      7774        354         16        164          8     126376   Library Totals
        16          0          4          0          7          0   (incl. Padding)

    ----------------------------------------------------------------------

      Code (inc. data)   RO Data    RW Data    ZI Data      Debug   Library Name

      6752        318         12        164          1     125408   RTX_CM3.lib
      1006         36          0          0          0        968   mc_w.l

    ----------------------------------------------------------------------
      7774        354         16        164          8     126376   Library Totals

    ----------------------------------------------------------------------

==============================================================================


      Code (inc. data)   RO Data    RW Data    ZI Data      Debug   

     10808        914        540      20888        760     185284   Grand Totals
     10808        914        540        240        760     185284   ELF Image Totals (compressed)
     10808        914        540        240          0          0   ROM Totals

==============================================================================

    Total RO  Size (Code + RO Data)                11348 (  11.08kB)
    Total RW  Size (RW Data + ZI Data)             21648 (  21.14kB)
    Total ROM Size (Code + RO Data + RW Data)      11588 (  11.32kB)

==============================================================================

